Component: ARM Compiler 5.05 update 1 (build 106) Tool: armlink [4d0efa]

==============================================================================

Section Cross References

    main.o(i.Delay) refers to main.o(.data) for TimingDelay
    main.o(i.Init_SysTick) refers to main.o(i.NVIC_SetPriority) for NVIC_SetPriority
    main.o(i.Init_SysTick) refers to system_stm32f10x.o(.data) for SystemCoreClock
    main.o(i.main) refers to misc.o(i.NVIC_PriorityGroupConfig) for NVIC_PriorityGroupConfig
    main.o(i.main) refers to uart.o(i.UART3_Configuration) for UART3_Configuration
    main.o(i.main) refers to printfa.o(i.__0printf) for __2printf
    main.o(i.main) refers to main.o(i.Init_SysTick) for Init_SysTick
    main.o(i.main) refers to gpio.o(i.GPIO_Configuration) for GPIO_Configuration
    main.o(i.main) refers to eeprom_i2c.o(i.EEInit) for EEInit
    main.o(i.main) refers to eeprom_i2c.o(i.EECheck) for EECheck
    main.o(i.main) refers to rtc.o(i.Internal_RTC_Init) for Internal_RTC_Init
    main.o(i.main) refers to adc.o(i.Adc_Init) for Adc_Init
    main.o(i.main) refers to stm32f10x_gpio.o(i.GPIO_ResetBits) for GPIO_ResetBits
    main.o(i.main) refers to uart.o(i.USART3_ClearBuf_Flag) for USART3_ClearBuf_Flag
    main.o(i.main) refers to adc.o(i.Get_Adc) for Get_Adc
    main.o(i.main) refers to ffltui.o(.text) for __aeabi_ui2f
    main.o(i.main) refers to f2d.o(.text) for __aeabi_f2d
    main.o(i.main) refers to dmul.o(.text) for __aeabi_dmul
    main.o(i.main) refers to ddiv.o(.text) for __aeabi_ddiv
    main.o(i.main) refers to rtc.o(i.RTC_Get) for RTC_Get
    main.o(i.main) refers to system_stm32f10x.o(.data) for SystemCoreClock
    main.o(i.main) refers to uart.o(.data) for Uart3Flag
    main.o(i.main) refers to rtc.o(.data) for RTC_SEC_FLAG
    stm32f10x_it.o(i.RTC_IRQHandler) refers to stm32f10x_rtc.o(i.RTC_GetITStatus) for RTC_GetITStatus
    stm32f10x_it.o(i.RTC_IRQHandler) refers to stm32f10x_rtc.o(i.RTC_ClearITPendingBit) for RTC_ClearITPendingBit
    stm32f10x_it.o(i.RTC_IRQHandler) refers to stm32f10x_rtc.o(i.RTC_WaitForLastTask) for RTC_WaitForLastTask
    stm32f10x_it.o(i.RTC_IRQHandler) refers to rtc.o(.data) for RTC_SEC_FLAG
    stm32f10x_it.o(i.SysTick_Handler) refers to stm32f10x_gpio.o(i.GPIO_ResetBits) for GPIO_ResetBits
    stm32f10x_it.o(i.SysTick_Handler) refers to stm32f10x_gpio.o(i.GPIO_SetBits) for GPIO_SetBits
    stm32f10x_it.o(i.SysTick_Handler) refers to main.o(.data) for TimingDelay
    stm32f10x_it.o(i.SysTick_Handler) refers to uart.o(.data) for USART1_INTERVAL_TIME
    stm32f10x_it.o(i.TIM4_IRQHandler) refers to stm32f10x_tim.o(i.TIM_GetITStatus) for TIM_GetITStatus
    stm32f10x_it.o(i.TIM4_IRQHandler) refers to stm32f10x_tim.o(i.TIM_ClearITPendingBit) for TIM_ClearITPendingBit
    stm32f10x_it.o(i.TIM4_IRQHandler) refers to timer.o(.data) for P_Val_bit
    stm32f10x_it.o(i.USART2_IRQHandler) refers to stm32f10x_usart.o(i.USART_GetITStatus) for USART_GetITStatus
    stm32f10x_it.o(i.USART2_IRQHandler) refers to stm32f10x_usart.o(i.USART_ReceiveData) for USART_ReceiveData
    stm32f10x_it.o(i.USART2_IRQHandler) refers to stm32f10x_usart.o(i.USART_ClearITPendingBit) for USART_ClearITPendingBit
    stm32f10x_it.o(i.USART2_IRQHandler) refers to uart.o(.bss) for uart2_rbuf
    stm32f10x_it.o(i.USART2_IRQHandler) refers to uart.o(.data) for Uart2Flag
    stm32f10x_it.o(i.USART3_IRQHandler) refers to stm32f10x_usart.o(i.USART_GetITStatus) for USART_GetITStatus
    stm32f10x_it.o(i.USART3_IRQHandler) refers to stm32f10x_usart.o(i.USART_ReceiveData) for USART_ReceiveData
    stm32f10x_it.o(i.USART3_IRQHandler) refers to stm32f10x_usart.o(i.USART_ClearITPendingBit) for USART_ClearITPendingBit
    stm32f10x_it.o(i.USART3_IRQHandler) refers to uart.o(.bss) for uart3_rbuf
    stm32f10x_it.o(i.USART3_IRQHandler) refers to uart.o(.data) for Uart3Flag
    uart.o(i.UART1_Configuration) refers to misc.o(i.NVIC_Init) for NVIC_Init
    uart.o(i.UART1_Configuration) refers to stm32f10x_rcc.o(i.RCC_APB2PeriphClockCmd) for RCC_APB2PeriphClockCmd
    uart.o(i.UART1_Configuration) refers to stm32f10x_gpio.o(i.GPIO_Init) for GPIO_Init
    uart.o(i.UART1_Configuration) refers to stm32f10x_usart.o(i.USART_Init) for USART_Init
    uart.o(i.UART1_Configuration) refers to stm32f10x_usart.o(i.USART_ITConfig) for USART_ITConfig
    uart.o(i.UART1_Configuration) refers to stm32f10x_usart.o(i.USART_Cmd) for USART_Cmd
    uart.o(i.UART2_Configuration) refers to misc.o(i.NVIC_Init) for NVIC_Init
    uart.o(i.UART2_Configuration) refers to stm32f10x_rcc.o(i.RCC_APB2PeriphClockCmd) for RCC_APB2PeriphClockCmd
    uart.o(i.UART2_Configuration) refers to stm32f10x_rcc.o(i.RCC_APB1PeriphClockCmd) for RCC_APB1PeriphClockCmd
    uart.o(i.UART2_Configuration) refers to stm32f10x_gpio.o(i.GPIO_Init) for GPIO_Init
    uart.o(i.UART2_Configuration) refers to stm32f10x_usart.o(i.USART_Init) for USART_Init
    uart.o(i.UART2_Configuration) refers to stm32f10x_usart.o(i.USART_ITConfig) for USART_ITConfig
[...]
    Removing stm32f10x_dac.o(i.DAC_DMACmd), (44 bytes).
    Removing stm32f10x_dac.o(i.DAC_DeInit), (22 bytes).
    Removing stm32f10x_dac.o(i.DAC_DualSoftwareTriggerCmd), (36 bytes).
    Removing stm32f10x_dac.o(i.DAC_GetDataOutputValue), (36 bytes).
    Removing stm32f10x_dac.o(i.DAC_Init), (52 bytes).
    Removing stm32f10x_dac.o(i.DAC_SetChannel1Data), (32 bytes).
    Removing stm32f10x_dac.o(i.DAC_SetChannel2Data), (32 bytes).
    Removing stm32f10x_dac.o(i.DAC_SetDualChannelData), (36 bytes).
    Removing stm32f10x_dac.o(i.DAC_SoftwareTriggerCmd), (44 bytes).
    Removing stm32f10x_dac.o(i.DAC_StructInit), (12 bytes).
    Removing stm32f10x_dac.o(i.DAC_WaveGenerationCmd), (40 bytes).
    Removing stm32f10x_dbgmcu.o(i.DBGMCU_Config), (32 bytes).
    Removing stm32f10x_dbgmcu.o(i.DBGMCU_GetDEVID), (16 bytes).
    Removing stm32f10x_dbgmcu.o(i.DBGMCU_GetREVID), (12 bytes).
    Removing stm32f10x_dma.o(i.DMA_ClearFlag), (28 bytes).
    Removing stm32f10x_dma.o(i.DMA_ClearITPendingBit), (28 bytes).
    Removing stm32f10x_dma.o(i.DMA_Cmd), (24 bytes).
    Removing stm32f10x_dma.o(i.DMA_DeInit), (332 bytes).
    Removing stm32f10x_dma.o(i.DMA_GetCurrDataCounter), (8 bytes).
    Removing stm32f10x_dma.o(i.DMA_GetFlagStatus), (44 bytes).
    Removing stm32f10x_dma.o(i.DMA_GetITStatus), (44 bytes).
    Removing stm32f10x_dma.o(i.DMA_ITConfig), (18 bytes).
    Removing stm32f10x_dma.o(i.DMA_Init), (60 bytes).
    Removing stm32f10x_dma.o(i.DMA_SetCurrDataCounter), (4 bytes).
    Removing stm32f10x_dma.o(i.DMA_StructInit), (26 bytes).
    Removing stm32f10x_exti.o(i.EXTI_ClearFlag), (12 bytes).
    Removing stm32f10x_exti.o(i.EXTI_ClearITPendingBit), (12 bytes).
    Removing stm32f10x_exti.o(i.EXTI_DeInit), (36 bytes).
    Removing stm32f10x_exti.o(i.EXTI_GenerateSWInterrupt), (16 bytes).
    Removing stm32f10x_exti.o(i.EXTI_GetFlagStatus), (24 bytes).
    Removing stm32f10x_exti.o(i.EXTI_GetITStatus), (40 bytes).
    Removing stm32f10x_exti.o(i.EXTI_Init), (148 bytes).
    Removing stm32f10x_exti.o(i.EXTI_StructInit), (16 bytes).
    Removing stm32f10x_flash.o(i.FLASH_ClearFlag), (12 bytes).
    Removing stm32f10x_flash.o(i.FLASH_EnableWriteProtection), (196 bytes).
    Removing stm32f10x_flash.o(i.FLASH_EraseAllBank1Pages), (72 bytes).
    Removing stm32f10x_flash.o(i.FLASH_EraseAllPages), (72 bytes).
    Removing stm32f10x_flash.o(i.FLASH_EraseOptionBytes), (168 bytes).
    Removing stm32f10x_flash.o(i.FLASH_ErasePage), (76 bytes).
    Removing stm32f10x_flash.o(i.FLASH_GetBank1Status), (52 bytes).
    Removing stm32f10x_flash.o(i.FLASH_GetFlagStatus), (48 bytes).
    Removing stm32f10x_flash.o(i.FLASH_GetPrefetchBufferStatus), (24 bytes).
    Removing stm32f10x_flash.o(i.FLASH_GetReadOutProtectionStatus), (24 bytes).
    Removing stm32f10x_flash.o(i.FLASH_GetStatus), (52 bytes).
    Removing stm32f10x_flash.o(i.FLASH_GetUserOptionByte), (12 bytes).
    Removing stm32f10x_flash.o(i.FLASH_GetWriteProtectionOptionByte), (12 bytes).
    Removing stm32f10x_flash.o(i.FLASH_HalfCycleAccessCmd), (28 bytes).
    Removing stm32f10x_flash.o(i.FLASH_ITConfig), (32 bytes).
    Removing stm32f10x_flash.o(i.FLASH_Lock), (20 bytes).
    Removing stm32f10x_flash.o(i.FLASH_LockBank1), (20 bytes).
    Removing stm32f10x_flash.o(i.FLASH_PrefetchBufferCmd), (28 bytes).
    Removing stm32f10x_flash.o(i.FLASH_ProgramHalfWord), (64 bytes).
    Removing stm32f10x_flash.o(i.FLASH_ProgramOptionByteData), (84 bytes).
    Removing stm32f10x_flash.o(i.FLASH_ProgramWord), (108 bytes).
    Removing stm32f10x_flash.o(i.FLASH_ReadOutProtection), (172 bytes).
    Removing stm32f10x_flash.o(i.FLASH_SetLatency), (24 bytes).
    Removing stm32f10x_flash.o(i.FLASH_Unlock), (24 bytes).
    Removing stm32f10x_flash.o(i.FLASH_UnlockBank1), (24 bytes).
    Removing stm32f10x_flash.o(i.FLASH_UserOptionByteConfig), (104 bytes).
    Removing stm32f10x_flash.o(i.FLASH_WaitForLastBank1Operation), (38 bytes).
    Removing stm32f10x_flash.o(i.FLASH_WaitForLastOperation), (38 bytes).
    Removing stm32f10x_fsmc.o(i.FSMC_ClearFlag), (64 bytes).
    Removing stm32f10x_fsmc.o(i.FSMC_ClearITPendingBit), (72 bytes).
    Removing stm32f10x_fsmc.o(i.FSMC_GetECC), (28 bytes).
    Removing stm32f10x_fsmc.o(i.FSMC_GetFlagStatus), (56 bytes).
    Removing stm32f10x_fsmc.o(i.FSMC_GetITStatus), (68 bytes).
    Removing stm32f10x_fsmc.o(i.FSMC_ITConfig), (128 bytes).
    Removing stm32f10x_fsmc.o(i.FSMC_NANDCmd), (92 bytes).
    Removing stm32f10x_fsmc.o(i.FSMC_NANDDeInit), (68 bytes).
    Removing stm32f10x_fsmc.o(i.FSMC_NANDECCCmd), (92 bytes).
    Removing stm32f10x_fsmc.o(i.FSMC_NANDInit), (136 bytes).
    Removing stm32f10x_fsmc.o(i.FSMC_NANDStructInit), (54 bytes).
    Removing stm32f10x_fsmc.o(i.FSMC_NORSRAMCmd), (52 bytes).
    Removing stm32f10x_fsmc.o(i.FSMC_NORSRAMDeInit), (54 bytes).
    Removing stm32f10x_fsmc.o(i.FSMC_NORSRAMInit), (230 bytes).
    Removing stm32f10x_fsmc.o(i.FSMC_NORSRAMStructInit), (114 bytes).
    Removing stm32f10x_fsmc.o(i.FSMC_PCCARDCmd), (48 bytes).
    Removing stm32f10x_fsmc.o(i.FSMC_PCCARDDeInit), (40 bytes).
    Removing stm32f10x_fsmc.o(i.FSMC_PCCARDInit), (132 bytes).
    Removing stm32f10x_fsmc.o(i.FSMC_PCCARDStructInit), (60 bytes).
    Removing stm32f10x_gpio.o(i.GPIO_AFIODeInit), (20 bytes).
    Removing stm32f10x_gpio.o(i.GPIO_DeInit), (200 bytes).
    Removing stm32f10x_gpio.o(i.GPIO_ETH_MediaInterfaceConfig), (12 bytes).
    Removing stm32f10x_gpio.o(i.GPIO_EXTILineConfig), (64 bytes).
    Removing stm32f10x_gpio.o(i.GPIO_EventOutputCmd), (12 bytes).
    Removing stm32f10x_gpio.o(i.GPIO_EventOutputConfig), (32 bytes).
    Removing stm32f10x_gpio.o(i.GPIO_PinLockConfig), (18 bytes).
    Removing stm32f10x_gpio.o(i.GPIO_ReadInputData), (8 bytes).
    Removing stm32f10x_gpio.o(i.GPIO_ReadInputDataBit), (18 bytes).
    Removing stm32f10x_gpio.o(i.GPIO_ReadOutputData), (8 bytes).
    Removing stm32f10x_gpio.o(i.GPIO_ReadOutputDataBit), (18 bytes).
    Removing stm32f10x_gpio.o(i.GPIO_StructInit), (16 bytes).
    Removing stm32f10x_gpio.o(i.GPIO_Write), (4 bytes).
    Removing stm32f10x_gpio.o(i.GPIO_WriteBit), (10 bytes).
    Removing stm32f10x_i2c.o(i.I2C_ARPCmd), (24 bytes).
    Removing stm32f10x_i2c.o(i.I2C_CalculatePEC), (24 bytes).
    Removing stm32f10x_i2c.o(i.I2C_ClearITPendingBit), (12 bytes).
    Removing stm32f10x_i2c.o(i.I2C_DMACmd), (24 bytes).
    Removing stm32f10x_i2c.o(i.I2C_DMALastTransferCmd), (24 bytes).
    Removing stm32f10x_i2c.o(i.I2C_DualAddressCmd), (24 bytes).
    Removing stm32f10x_i2c.o(i.I2C_FastModeDutyCycleConfig), (28 bytes).
    Removing stm32f10x_i2c.o(i.I2C_GeneralCallCmd), (24 bytes).
    Removing stm32f10x_i2c.o(i.I2C_GetITStatus), (38 bytes).
    Removing stm32f10x_i2c.o(i.I2C_GetLastEvent), (26 bytes).
    Removing stm32f10x_i2c.o(i.I2C_GetPEC), (8 bytes).
    Removing stm32f10x_i2c.o(i.I2C_ITConfig), (18 bytes).
    Removing stm32f10x_i2c.o(i.I2C_NACKPositionConfig), (28 bytes).
    Removing stm32f10x_i2c.o(i.I2C_OwnAddress2Config), (22 bytes).
    Removing stm32f10x_i2c.o(i.I2C_PECPositionConfig), (28 bytes).
    Removing stm32f10x_i2c.o(i.I2C_SMBusAlertConfig), (28 bytes).
    Removing stm32f10x_i2c.o(i.I2C_SoftwareResetCmd), (22 bytes).
    Removing stm32f10x_i2c.o(i.I2C_StretchClockCmd), (24 bytes).
    Removing stm32f10x_i2c.o(i.I2C_StructInit), (30 bytes).
    Removing stm32f10x_i2c.o(i.I2C_TransmitPEC), (24 bytes).
    Removing stm32f10x_iwdg.o(i.IWDG_Enable), (16 bytes).
    Removing stm32f10x_iwdg.o(i.IWDG_GetFlagStatus), (24 bytes).
    Removing stm32f10x_iwdg.o(i.IWDG_ReloadCounter), (16 bytes).
    Removing stm32f10x_iwdg.o(i.IWDG_SetPrescaler), (12 bytes).
    Removing stm32f10x_iwdg.o(i.IWDG_SetReload), (12 bytes).
    Removing stm32f10x_iwdg.o(i.IWDG_WriteAccessCmd), (12 bytes).
    Removing stm32f10x_pwr.o(i.PWR_ClearFlag), (20 bytes).
    Removing stm32f10x_pwr.o(i.PWR_DeInit), (22 bytes).
    Removing stm32f10x_pwr.o(i.PWR_EnterSTANDBYMode), (52 bytes).
    Removing stm32f10x_pwr.o(i.PWR_EnterSTOPMode), (64 bytes).
    Removing stm32f10x_pwr.o(i.PWR_GetFlagStatus), (24 bytes).
    Removing stm32f10x_pwr.o(i.PWR_PVDCmd), (12 bytes).
    Removing stm32f10x_pwr.o(i.PWR_PVDLevelConfig), (24 bytes).
    Removing stm32f10x_pwr.o(i.PWR_WakeUpPinCmd), (12 bytes).
    Removing stm32f10x_rcc.o(i.RCC_ADCCLKConfig), (24 bytes).
    Removing stm32f10x_rcc.o(i.RCC_AHBPeriphClockCmd), (32 bytes).
    Removing stm32f10x_rcc.o(i.RCC_APB2PeriphResetCmd), (32 bytes).
    Removing stm32f10x_rcc.o(i.RCC_AdjustHSICalibrationValue), (24 bytes).
    Removing stm32f10x_rcc.o(i.RCC_ClearFlag), (20 bytes).
    Removing stm32f10x_rcc.o(i.RCC_ClearITPendingBit), (12 bytes).
    Removing stm32f10x_rcc.o(i.RCC_ClockSecuritySystemCmd), (12 bytes).
    Removing stm32f10x_rcc.o(i.RCC_DeInit), (76 bytes).
    Removing stm32f10x_rcc.o(i.RCC_GetITStatus), (24 bytes).
    Removing stm32f10x_rcc.o(i.RCC_GetSYSCLKSource), (16 bytes).
    Removing stm32f10x_rcc.o(i.RCC_HCLKConfig), (24 bytes).
    Removing stm32f10x_rcc.o(i.RCC_HSEConfig), (76 bytes).
    Removing stm32f10x_rcc.o(i.RCC_HSICmd), (12 bytes).
    Removing stm32f10x_rcc.o(i.RCC_ITConfig), (32 bytes).
    Removing stm32f10x_rcc.o(i.RCC_LSICmd), (12 bytes).
    Removing stm32f10x_rcc.o(i.RCC_MCOConfig), (12 bytes).
    Removing stm32f10x_rcc.o(i.RCC_PCLK1Config), (24 bytes).
    Removing stm32f10x_rcc.o(i.RCC_PCLK2Config), (24 bytes).
    Removing stm32f10x_rcc.o(i.RCC_PLLCmd), (12 bytes).
    Removing stm32f10x_rcc.o(i.RCC_PLLConfig), (28 bytes).
    Removing stm32f10x_rcc.o(i.RCC_SYSCLKConfig), (24 bytes).
    Removing stm32f10x_rcc.o(i.RCC_USBCLKConfig), (12 bytes).
    Removing stm32f10x_rcc.o(i.RCC_WaitForHSEStartUp), (56 bytes).
    Removing stm32f10x_rtc.o(i.RTC_ClearFlag), (16 bytes).
    Removing stm32f10x_rtc.o(i.RTC_GetCounter), (20 bytes).
    Removing stm32f10x_rtc.o(i.RTC_GetDivider), (24 bytes).
    Removing stm32f10x_rtc.o(i.RTC_GetFlagStatus), (24 bytes).
    Removing stm32f10x_rtc.o(i.RTC_SetAlarm), (28 bytes).
    Removing stm32f10x_sdio.o(i.SDIO_CEATAITCmd), (16 bytes).
    Removing stm32f10x_sdio.o(i.SDIO_ClearFlag), (12 bytes).
    Removing stm32f10x_sdio.o(i.SDIO_ClearITPendingBit), (12 bytes).
    Removing stm32f10x_sdio.o(i.SDIO_ClockCmd), (12 bytes).
    Removing stm32f10x_sdio.o(i.SDIO_CmdStructInit), (14 bytes).
    Removing stm32f10x_sdio.o(i.SDIO_CommandCompletionCmd), (12 bytes).
    Removing stm32f10x_sdio.o(i.SDIO_DMACmd), (12 bytes).
    Removing stm32f10x_sdio.o(i.SDIO_DataConfig), (48 bytes).
    Removing stm32f10x_sdio.o(i.SDIO_DataStructInit), (20 bytes).
    Removing stm32f10x_sdio.o(i.SDIO_DeInit), (36 bytes).
    Removing stm32f10x_sdio.o(i.SDIO_GetCommandResponse), (12 bytes).
    Removing stm32f10x_sdio.o(i.SDIO_GetDataCounter), (12 bytes).
    Removing stm32f10x_sdio.o(i.SDIO_GetFIFOCount), (12 bytes).
    Removing stm32f10x_sdio.o(i.SDIO_GetFlagStatus), (24 bytes).
    Removing stm32f10x_sdio.o(i.SDIO_GetITStatus), (24 bytes).
    Removing stm32f10x_sdio.o(i.SDIO_GetPowerState), (16 bytes).
    Removing stm32f10x_sdio.o(i.SDIO_GetResponse), (24 bytes).
    Removing stm32f10x_sdio.o(i.SDIO_ITConfig), (32 bytes).
    Removing stm32f10x_sdio.o(i.SDIO_Init), (48 bytes).
    Removing stm32f10x_sdio.o(i.SDIO_ReadData), (12 bytes).
    Removing stm32f10x_sdio.o(i.SDIO_SendCEATACmd), (12 bytes).
    Removing stm32f10x_sdio.o(i.SDIO_SendCommand), (44 bytes).
    Removing stm32f10x_sdio.o(i.SDIO_SendSDIOSuspendCmd), (12 bytes).
    Removing stm32f10x_sdio.o(i.SDIO_SetPowerState), (28 bytes).
    Removing stm32f10x_sdio.o(i.SDIO_SetSDIOOperation), (12 bytes).
    Removing stm32f10x_sdio.o(i.SDIO_SetSDIOReadWaitMode), (12 bytes).
    Removing stm32f10x_sdio.o(i.SDIO_StartSDIOReadWait), (12 bytes).
    Removing stm32f10x_sdio.o(i.SDIO_StopSDIOReadWait), (12 bytes).
    Removing stm32f10x_sdio.o(i.SDIO_StructInit), (16 bytes).
    Removing stm32f10x_sdio.o(i.SDIO_WriteData), (12 bytes).
    Removing stm32f10x_spi.o(i.I2S_Cmd), (24 bytes).
    Removing stm32f10x_spi.o(i.I2S_Init), (232 bytes).
    Removing stm32f10x_spi.o(i.I2S_StructInit), (20 bytes).
    Removing stm32f10x_spi.o(i.SPI_BiDirectionalLineConfig), (28 bytes).
    Removing stm32f10x_spi.o(i.SPI_CalculateCRC), (24 bytes).
    Removing stm32f10x_spi.o(i.SPI_Cmd), (24 bytes).
    Removing stm32f10x_spi.o(i.SPI_DataSizeConfig), (18 bytes).
    Removing stm32f10x_spi.o(i.SPI_GetCRC), (16 bytes).
    Removing stm32f10x_spi.o(i.SPI_GetCRCPolynomial), (6 bytes).
    Removing stm32f10x_spi.o(i.SPI_I2S_ClearFlag), (6 bytes).
    Removing stm32f10x_spi.o(i.SPI_I2S_ClearITPendingBit), (20 bytes).
    Removing stm32f10x_spi.o(i.SPI_I2S_DMACmd), (18 bytes).
    Removing stm32f10x_spi.o(i.SPI_I2S_DeInit), (88 bytes).
    Removing stm32f10x_spi.o(i.SPI_I2S_GetFlagStatus), (18 bytes).
    Removing stm32f10x_spi.o(i.SPI_I2S_GetITStatus), (52 bytes).
    Removing stm32f10x_spi.o(i.SPI_I2S_ITConfig), (32 bytes).
    Removing stm32f10x_spi.o(i.SPI_I2S_ReceiveData), (6 bytes).
    Removing stm32f10x_spi.o(i.SPI_I2S_SendData), (4 bytes).
    Removing stm32f10x_spi.o(i.SPI_Init), (60 bytes).
    Removing stm32f10x_spi.o(i.SPI_NSSInternalSoftwareConfig), (30 bytes).
    Removing stm32f10x_spi.o(i.SPI_SSOutputCmd), (24 bytes).
    Removing stm32f10x_spi.o(i.SPI_StructInit), (24 bytes).
    Removing stm32f10x_spi.o(i.SPI_TransmitCRC), (10 bytes).
    Removing stm32f10x_tim.o(i.TI1_Config), (128 bytes).
    Removing stm32f10x_tim.o(i.TI2_Config), (152 bytes).
    Removing stm32f10x_tim.o(i.TI3_Config), (144 bytes).
    Removing stm32f10x_tim.o(i.TI4_Config), (152 bytes).
    Removing stm32f10x_tim.o(i.TIM_ARRPreloadConfig), (24 bytes).
    Removing stm32f10x_tim.o(i.TIM_BDTRConfig), (32 bytes).
    Removing stm32f10x_tim.o(i.TIM_BDTRStructInit), (18 bytes).
    Removing stm32f10x_tim.o(i.TIM_CCPreloadControl), (24 bytes).
    Removing stm32f10x_tim.o(i.TIM_CCxCmd), (30 bytes).
    Removing stm32f10x_tim.o(i.TIM_CCxNCmd), (30 bytes).
    Removing stm32f10x_tim.o(i.TIM_ClearFlag), (6 bytes).
    Removing stm32f10x_tim.o(i.TIM_ClearOC1Ref), (18 bytes).
    Removing stm32f10x_tim.o(i.TIM_ClearOC2Ref), (24 bytes).
    Removing stm32f10x_tim.o(i.TIM_ClearOC3Ref), (18 bytes).
    Removing stm32f10x_tim.o(i.TIM_ClearOC4Ref), (24 bytes).
    Removing stm32f10x_tim.o(i.TIM_Cmd), (24 bytes).
    Removing stm32f10x_tim.o(i.TIM_CounterModeConfig), (18 bytes).
    Removing stm32f10x_tim.o(i.TIM_CtrlPWMOutputs), (30 bytes).
    Removing stm32f10x_tim.o(i.TIM_DMACmd), (18 bytes).
    Removing stm32f10x_tim.o(i.TIM_DMAConfig), (10 bytes).
    Removing stm32f10x_tim.o(i.TIM_DeInit), (488 bytes).
    Removing stm32f10x_tim.o(i.TIM_ETRClockMode1Config), (54 bytes).
    Removing stm32f10x_tim.o(i.TIM_ETRClockMode2Config), (32 bytes).
    Removing stm32f10x_tim.o(i.TIM_ETRConfig), (28 bytes).
    Removing stm32f10x_tim.o(i.TIM_EncoderInterfaceConfig), (66 bytes).
    Removing stm32f10x_tim.o(i.TIM_ForcedOC1Config), (18 bytes).
    Removing stm32f10x_tim.o(i.TIM_ForcedOC2Config), (26 bytes).
    Removing stm32f10x_tim.o(i.TIM_ForcedOC3Config), (18 bytes).
    Removing stm32f10x_tim.o(i.TIM_ForcedOC4Config), (26 bytes).
    Removing stm32f10x_tim.o(i.TIM_GenerateEvent), (4 bytes).
    Removing stm32f10x_tim.o(i.TIM_GetCapture1), (6 bytes).
    Removing stm32f10x_tim.o(i.TIM_GetCapture2), (6 bytes).
    Removing stm32f10x_tim.o(i.TIM_GetCapture3), (6 bytes).
    Removing stm32f10x_tim.o(i.TIM_GetCapture4), (8 bytes).
    Removing stm32f10x_tim.o(i.TIM_GetCounter), (6 bytes).
    Removing stm32f10x_tim.o(i.TIM_GetFlagStatus), (18 bytes).
    Removing stm32f10x_tim.o(i.TIM_GetPrescaler), (6 bytes).
    Removing stm32f10x_tim.o(i.TIM_ICInit), (172 bytes).
    Removing stm32f10x_tim.o(i.TIM_ICStructInit), (18 bytes).
    Removing stm32f10x_tim.o(i.TIM_ITConfig), (18 bytes).
    Removing stm32f10x_tim.o(i.TIM_ITRxExternalClockConfig), (24 bytes).
    Removing stm32f10x_tim.o(i.TIM_InternalClockConfig), (12 bytes).
    Removing stm32f10x_tim.o(i.TIM_OC1FastConfig), (18 bytes).
    Removing stm32f10x_tim.o(i.TIM_OC1Init), (152 bytes).
    Removing stm32f10x_tim.o(i.TIM_OC1NPolarityConfig), (18 bytes).
    Removing stm32f10x_tim.o(i.TIM_OC1PolarityConfig), (18 bytes).
    Removing stm32f10x_tim.o(i.TIM_OC1PreloadConfig), (18 bytes).
    Removing stm32f10x_tim.o(i.TIM_OC2FastConfig), (26 bytes).
    Removing stm32f10x_tim.o(i.TIM_OC2Init), (164 bytes).
    Removing stm32f10x_tim.o(i.TIM_OC2NPolarityConfig), (26 bytes).
    Removing stm32f10x_tim.o(i.TIM_OC2PolarityConfig), (26 bytes).
    Removing stm32f10x_tim.o(i.TIM_OC2PreloadConfig), (26 bytes).
    Removing stm32f10x_tim.o(i.TIM_OC3FastConfig), (18 bytes).
    Removing stm32f10x_tim.o(i.TIM_OC3Init), (160 bytes).
    Removing stm32f10x_tim.o(i.TIM_OC3NPolarityConfig), (26 bytes).
    Removing stm32f10x_tim.o(i.TIM_OC3PolarityConfig), (26 bytes).
    Removing stm32f10x_tim.o(i.TIM_OC3PreloadConfig), (18 bytes).
    Removing stm32f10x_tim.o(i.TIM_OC4FastConfig), (26 bytes).
    Removing stm32f10x_tim.o(i.TIM_OC4Init), (124 bytes).
    Removing stm32f10x_tim.o(i.TIM_OC4PolarityConfig), (26 bytes).
    Removing stm32f10x_tim.o(i.TIM_OC4PreloadConfig), (26 bytes).
    Removing stm32f10x_tim.o(i.TIM_OCStructInit), (20 bytes).
    Removing stm32f10x_tim.o(i.TIM_PWMIConfig), (124 bytes).
    Removing stm32f10x_tim.o(i.TIM_PrescalerConfig), (6 bytes).
    Removing stm32f10x_tim.o(i.TIM_SelectCCDMA), (24 bytes).
    Removing stm32f10x_tim.o(i.TIM_SelectCOM), (24 bytes).
    Removing stm32f10x_tim.o(i.TIM_SelectHallSensor), (24 bytes).
    Removing stm32f10x_tim.o(i.TIM_SelectInputTrigger), (18 bytes).
    Removing stm32f10x_tim.o(i.TIM_SelectMasterSlaveMode), (18 bytes).
    Removing stm32f10x_tim.o(i.TIM_SelectOCxM), (82 bytes).
    Removing stm32f10x_tim.o(i.TIM_SelectOnePulseMode), (18 bytes).
    Removing stm32f10x_tim.o(i.TIM_SelectOutputTrigger), (18 bytes).
    Removing stm32f10x_tim.o(i.TIM_SelectSlaveMode), (18 bytes).
    Removing stm32f10x_tim.o(i.TIM_SetAutoreload), (4 bytes).
    Removing stm32f10x_tim.o(i.TIM_SetClockDivision), (18 bytes).
    Removing stm32f10x_tim.o(i.TIM_SetCompare1), (4 bytes).
    Removing stm32f10x_tim.o(i.TIM_SetCompare2), (4 bytes).
    Removing stm32f10x_tim.o(i.TIM_SetCompare3), (4 bytes).
    Removing stm32f10x_tim.o(i.TIM_SetCompare4), (6 bytes).
    Removing stm32f10x_tim.o(i.TIM_SetCounter), (4 bytes).
    Removing stm32f10x_tim.o(i.TIM_SetIC1Prescaler), (18 bytes).
    Removing stm32f10x_tim.o(i.TIM_SetIC2Prescaler), (26 bytes).
    Removing stm32f10x_tim.o(i.TIM_SetIC3Prescaler), (18 bytes).
    Removing stm32f10x_tim.o(i.TIM_SetIC4Prescaler), (26 bytes).
    Removing stm32f10x_tim.o(i.TIM_TIxExternalClockConfig), (62 bytes).
    Removing stm32f10x_tim.o(i.TIM_TimeBaseInit), (164 bytes).
    Removing stm32f10x_tim.o(i.TIM_TimeBaseStructInit), (18 bytes).
    Removing stm32f10x_tim.o(i.TIM_UpdateDisableConfig), (24 bytes).
    Removing stm32f10x_tim.o(i.TIM_UpdateRequestConfig), (24 bytes).
    Removing stm32f10x_usart.o(i.USART_ClearFlag), (18 bytes).
    Removing stm32f10x_usart.o(i.USART_ClockInit), (34 bytes).
    Removing stm32f10x_usart.o(i.USART_ClockStructInit), (12 bytes).
    Removing stm32f10x_usart.o(i.USART_DMACmd), (18 bytes).
    Removing stm32f10x_usart.o(i.USART_DeInit), (156 bytes).
    Removing stm32f10x_usart.o(i.USART_HalfDuplexCmd), (24 bytes).
    Removing stm32f10x_usart.o(i.USART_IrDACmd), (24 bytes).
    Removing stm32f10x_usart.o(i.USART_IrDAConfig), (18 bytes).
    Removing stm32f10x_usart.o(i.USART_LINBreakDetectLengthConfig), (18 bytes).
    Removing stm32f10x_usart.o(i.USART_LINCmd), (24 bytes).
    Removing stm32f10x_usart.o(i.USART_OneBitMethodCmd), (24 bytes).
    Removing stm32f10x_usart.o(i.USART_OverSampling8Cmd), (22 bytes).
    Removing stm32f10x_usart.o(i.USART_ReceiverWakeUpCmd), (24 bytes).
    Removing stm32f10x_usart.o(i.USART_SendBreak), (10 bytes).
    Removing stm32f10x_usart.o(i.USART_SetAddress), (18 bytes).
    Removing stm32f10x_usart.o(i.USART_SetGuardTime), (16 bytes).
    Removing stm32f10x_usart.o(i.USART_SetPrescaler), (16 bytes).
    Removing stm32f10x_usart.o(i.USART_SmartCardCmd), (24 bytes).
    Removing stm32f10x_usart.o(i.USART_SmartCardNACKCmd), (24 bytes).
    Removing stm32f10x_usart.o(i.USART_StructInit), (24 bytes).
    Removing stm32f10x_usart.o(i.USART_WakeUpConfig), (18 bytes).
    Removing stm32f10x_wwdg.o(i.WWDG_ClearFlag), (12 bytes).
    Removing stm32f10x_wwdg.o(i.WWDG_DeInit), (22 bytes).
    Removing stm32f10x_wwdg.o(i.WWDG_Enable), (16 bytes).
    Removing stm32f10x_wwdg.o(i.WWDG_EnableIT), (12 bytes).
    Removing stm32f10x_wwdg.o(i.WWDG_GetFlagStatus), (12 bytes).
    Removing stm32f10x_wwdg.o(i.WWDG_SetCounter), (16 bytes).
    Removing stm32f10x_wwdg.o(i.WWDG_SetPrescaler), (24 bytes).
    Removing stm32f10x_wwdg.o(i.WWDG_SetWindowValue), (40 bytes).
    Removing core_cm3.o(.emb_text), (32 bytes).
    Removing system_stm32f10x.o(i.SystemCoreClockUpdate), (168 bytes).
    Removing startup_stm32f10x_hd.o(HEAP), (512 bytes).

434 unused section(s) (total 18572 bytes) removed from the image.

==============================================================================

Image Symbol Table

    Local Symbols

    Symbol Name                              Value     Ov Type        Size  Object(Section)

    ../clib/microlib/division.c              0x00000000   Number         0  uldiv.o ABSOLUTE
    ../clib/microlib/division.c              0x00000000   Number         0  uidiv.o ABSOLUTE
    ../clib/microlib/init/entry.s            0x00000000   Number         0  entry2.o ABSOLUTE
    ../clib/microlib/init/entry.s            0x00000000   Number         0  entry.o ABSOLUTE
    ../clib/microlib/init/entry.s            0x00000000   Number         0  entry8a.o ABSOLUTE
    ../clib/microlib/init/entry.s            0x00000000   Number         0  entry7b.o ABSOLUTE
    ../clib/microlib/init/entry.s            0x00000000   Number         0  entry9a.o ABSOLUTE
    ../clib/microlib/init/entry.s            0x00000000   Number         0  entry7a.o ABSOLUTE
    ../clib/microlib/init/entry.s            0x00000000   Number         0  entry5.o ABSOLUTE
    ../clib/microlib/init/entry.s            0x00000000   Number         0  entry9b.o ABSOLUTE
    ../clib/microlib/init/entry.s            0x00000000   Number         0  entry11b.o ABSOLUTE
    ../clib/microlib/init/entry.s            0x00000000   Number         0  entry10a.o ABSOLUTE
    ../clib/microlib/init/entry.s            0x00000000   Number         0  entry11a.o ABSOLUTE
    ../clib/microlib/init/entry.s            0x00000000   Number         0  entry8b.o ABSOLUTE
    ../clib/microlib/init/entry.s            0x00000000   Number         0  entry10b.o ABSOLUTE
    ../clib/microlib/longlong.c              0x00000000   Number         0  llushr.o ABSOLUTE
    ../clib/microlib/longlong.c              0x00000000   Number         0  llsshr.o ABSOLUTE
    ../clib/microlib/longlong.c              0x00000000   Number         0  llshl.o ABSOLUTE
    ../clib/microlib/printf/printf.c         0x00000000   Number         0  printf3.o ABSOLUTE
    ../clib/microlib/printf/printf.c         0x00000000   Number         0  printfa.o ABSOLUTE
    ../clib/microlib/printf/printf.c         0x00000000   Number         0  printf8.o ABSOLUTE
    ../clib/microlib/printf/printf.c         0x00000000   Number         0  printf7.o ABSOLUTE
    ../clib/microlib/printf/printf.c         0x00000000   Number         0  printfb.o ABSOLUTE
    ../clib/microlib/printf/printf.c         0x00000000   Number         0  printf0.o ABSOLUTE
    ../clib/microlib/printf/printf.c         0x00000000   Number         0  printf1.o ABSOLUTE
    ../clib/microlib/printf/printf.c         0x00000000   Number         0  printf2.o ABSOLUTE
    ../clib/microlib/printf/printf.c         0x00000000   Number         0  printf4.o ABSOLUTE
    ../clib/microlib/printf/printf.c         0x00000000   Number         0  printf5.o ABSOLUTE
    ../clib/microlib/printf/printf.c         0x00000000   Number         0  printf6.o ABSOLUTE
    ../clib/microlib/printf/stubs.s          0x00000000   Number         0  stubs.o ABSOLUTE
    ../clib/microlib/stdio/streams.c         0x00000000   Number         0  stdout.o ABSOLUTE
    ../clib/microlib/stubs.s                 0x00000000   Number         0  iusefp.o ABSOLUTE
    ../fplib/microlib/f2d.c                  0x00000000   Number         0  f2d.o ABSOLUTE
    ../fplib/microlib/fpadd.c                0x00000000   Number         0  dadd.o ABSOLUTE
    ../fplib/microlib/fpdiv.c                0x00000000   Number         0  ddiv.o ABSOLUTE
    ../fplib/microlib/fpepilogue.c           0x00000000   Number         0  depilogue.o ABSOLUTE
    ../fplib/microlib/fpepilogue.c           0x00000000   Number         0  fepilogue.o ABSOLUTE
    ../fplib/microlib/fpfix.c                0x00000000   Number         0  dfixul.o ABSOLUTE
    ../fplib/microlib/fpflt.c                0x00000000   Number         0  ffltui.o ABSOLUTE
    ../fplib/microlib/fpmul.c                0x00000000   Number         0  dmul.o ABSOLUTE
    CMSIS\\core_cm3.c                        0x00000000   Number         0  core_cm3.o ABSOLUTE
    CMSIS\core_cm3.c                         0x00000000   Number         0  core_cm3.o ABSOLUTE
    CMSIS\startup\arm\startup_stm32f10x_hd.s 0x00000000   Number         0  startup_stm32f10x_hd.o ABSOLUTE
    CMSIS\system_stm32f10x.c                 0x00000000   Number         0  system_stm32f10x.o ABSOLUTE
    FWlib\src\misc.c                         0x00000000   Number         0  misc.o ABSOLUTE
    FWlib\src\stm32f10x_adc.c                0x00000000   Number         0  stm32f10x_adc.o ABSOLUTE
    FWlib\src\stm32f10x_bkp.c                0x00000000   Number         0  stm32f10x_bkp.o ABSOLUTE
    FWlib\src\stm32f10x_can.c                0x00000000   Number         0  stm32f10x_can.o ABSOLUTE
    FWlib\src\stm32f10x_cec.c                0x00000000   Number         0  stm32f10x_cec.o ABSOLUTE
    FWlib\src\stm32f10x_crc.c                0x00000000   Number         0  stm32f10x_crc.o ABSOLUTE
    FWlib\src\stm32f10x_dac.c                0x00000000   Number         0  stm32f10x_dac.o ABSOLUTE
    FWlib\src\stm32f10x_dbgmcu.c             0x00000000   Number         0  stm32f10x_dbgmcu.o ABSOLUTE
    FWlib\src\stm32f10x_dma.c                0x00000000   Number         0  stm32f10x_dma.o ABSOLUTE
    FWlib\src\stm32f10x_exti.c               0x00000000   Number         0  stm32f10x_exti.o ABSOLUTE
    FWlib\src\stm32f10x_flash.c              0x00000000   Number         0  stm32f10x_flash.o ABSOLUTE
    FWlib\src\stm32f10x_fsmc.c               0x00000000   Number         0  stm32f10x_fsmc.o ABSOLUTE
    FWlib\src\stm32f10x_gpio.c               0x00000000   Number         0  stm32f10x_gpio.o ABSOLUTE
    FWlib\src\stm32f10x_i2c.c                0x00000000   Number         0  stm32f10x_i2c.o ABSOLUTE
    FWlib\src\stm32f10x_iwdg.c               0x00000000   Number         0  stm32f10x_iwdg.o ABSOLUTE
    FWlib\src\stm32f10x_pwr.c                0x00000000   Number         0  stm32f10x_pwr.o ABSOLUTE
    FWlib\src\stm32f10x_rcc.c                0x00000000   Number         0  stm32f10x_rcc.o ABSOLUTE
    FWlib\src\stm32f10x_rtc.c                0x00000000   Number         0  stm32f10x_rtc.o ABSOLUTE
    FWlib\src\stm32f10x_sdio.c               0x00000000   Number         0  stm32f10x_sdio.o ABSOLUTE
    FWlib\src\stm32f10x_spi.c                0x00000000   Number         0  stm32f10x_spi.o ABSOLUTE
    FWlib\src\stm32f10x_tim.c                0x00000000   Number         0  stm32f10x_tim.o ABSOLUTE
    FWlib\src\stm32f10x_usart.c              0x00000000   Number         0  stm32f10x_usart.o ABSOLUTE
    FWlib\src\stm32f10x_wwdg.c               0x00000000   Number         0  stm32f10x_wwdg.o ABSOLUTE
    User\ADC.c                               0x00000000   Number         0  adc.o ABSOLUTE
    User\EEPROM_I2C.c                        0x00000000   Number         0  eeprom_i2c.o ABSOLUTE
    User\GPIO.c                              0x00000000   Number         0  gpio.o ABSOLUTE
    User\RTC.c                               0x00000000   Number         0  rtc.o ABSOLUTE
    User\Timer.c                             0x00000000   Number         0  timer.o ABSOLUTE
    User\main.c                              0x00000000   Number         0  main.o ABSOLUTE
    User\stm32f10x_it.c                      0x00000000   Number         0  stm32f10x_it.o ABSOLUTE
    User\uart.c                              0x00000000   Number         0  uart.o ABSOLUTE
    cdrcmple.s                               0x00000000   Number         0  cdrcmple.o ABSOLUTE
    dc.s                                     0x00000000   Number         0  dc.o ABSOLUTE
    handlers.s                               0x00000000   Number         0  handlers.o ABSOLUTE
    init.s                                   0x00000000   Number         0  init.o ABSOLUTE
    RESET                                    0x08000000   Section      304  startup_stm32f10x_hd.o(RESET)
    .ARM.Collect$$$$00000000                 0x08000130   Section        0  entry.o(.ARM.Collect$$$$00000000)
    .ARM.Collect$$$$00000001                 0x08000130   Section        4  entry2.o(.ARM.Collect$$$$00000001)
    .ARM.Collect$$$$00000004                 0x08000134   Section        4  entry5.o(.ARM.Collect$$$$00000004)
    .ARM.Collect$$$$00000008                 0x08000138   Section        0  entry7b.o(.ARM.Collect$$$$00000008)
    .ARM.Collect$$$$0000000A                 0x08000138   Section        0  entry8b.o(.ARM.Collect$$$$0000000A)
    .ARM.Collect$$$$0000000B                 0x08000138   Section        8  entry9a.o(.ARM.Collect$$$$0000000B)
    .ARM.Collect$$$$0000000D                 0x08000140   Section        0  entry10a.o(.ARM.Collect$$$$0000000D)
    .ARM.Collect$$$$0000000F                 0x08000140   Section        0  entry11a.o(.ARM.Collect$$$$0000000F)
    .ARM.Collect$$$$00002712                 0x08000140   Section        4  entry2.o(.ARM.Collect$$$$00002712)
    __lit__00000000                          0x08000140   Data           4  entry2.o(.ARM.Collect$$$$00002712)
    .text                                    0x08000144   Section       36  startup_stm32f10x_hd.o(.text)
    .text                                    0x08000168   Section        0  dmul.o(.text)
    .text                                    0x0800024c   Section        0  ddiv.o(.text)
    .text                                    0x0800032a   Section        0  ffltui.o(.text)
    .text                                    0x08000334   Section        0  f2d.o(.text)
    .text                                    0x0800035a   Section        0  uidiv.o(.text)
    .text                                    0x08000386   Section        0  uldiv.o(.text)
    .text                                    0x080003e8   Section        0  iusefp.o(.text)
    .text                                    0x080003e8   Section        0  fepilogue.o(.text)
    .text                                    0x08000456   Section        0  depilogue.o(.text)
    .text                                    0x08000510   Section        0  dadd.o(.text)
    .text                                    0x0800065e   Section        0  dfixul.o(.text)
    .text                                    0x08000690   Section       48  cdrcmple.o(.text)
    .text                                    0x080006c0   Section       36  init.o(.text)
    .text                                    0x080006e4   Section        0  llshl.o(.text)
    .text                                    0x08000702   Section        0  llushr.o(.text)
    .text                                    0x08000722   Section        0  llsshr.o(.text)
    i.ADC_Cmd                                0x08000746   Section        0  stm32f10x_adc.o(i.ADC_Cmd)
    i.ADC_DMACmd                             0x0800075c   Section        0  stm32f10x_adc.o(i.ADC_DMACmd)
    i.ADC_GetCalibrationStatus               0x08000772   Section        0  stm32f10x_adc.o(i.ADC_GetCalibrationStatus)
    i.ADC_GetConversionValue                 0x08000786   Section        0  stm32f10x_adc.o(i.ADC_GetConversionValue)
    i.ADC_GetFlagStatus                      0x0800078e   Section        0  stm32f10x_adc.o(i.ADC_GetFlagStatus)
    i.ADC_GetResetCalibrationStatus          0x080007a0   Section        0  stm32f10x_adc.o(i.ADC_GetResetCalibrationStatus)
    i.ADC_Init                               0x080007b4   Section        0  stm32f10x_adc.o(i.ADC_Init)
    i.ADC_RegularChannelConfig               0x08000804   Section        0  stm32f10x_adc.o(i.ADC_RegularChannelConfig)
    i.ADC_ResetCalibration                   0x080008bc   Section        0  stm32f10x_adc.o(i.ADC_ResetCalibration)
    i.ADC_SoftwareStartConvCmd               0x080008c6   Section        0  stm32f10x_adc.o(i.ADC_SoftwareStartConvCmd)
    i.ADC_StartCalibration                   0x080008dc   Section        0  stm32f10x_adc.o(i.ADC_StartCalibration)
    i.Adc_Init                               0x080008e8   Section        0  adc.o(i.Adc_Init)
    i.BKP_DeInit                             0x0800096c   Section        0  stm32f10x_bkp.o(i.BKP_DeInit)
    i.BKP_ReadBackupRegister                 0x0800097c   Section        0  stm32f10x_bkp.o(i.BKP_ReadBackupRegister)
    i.BKP_WriteBackupRegister                0x08000998   Section        0  stm32f10x_bkp.o(i.BKP_WriteBackupRegister)
    i.BusFault_Handler                       0x080009b4   Section        0  stm32f10x_it.o(i.BusFault_Handler)
    i.DebugMon_Handler                       0x080009b8   Section        0  stm32f10x_it.o(i.DebugMon_Handler)
    i.Delay                                  0x080009bc   Section        0  main.o(i.Delay)
    i.EECheck                                0x080009d8   Section        0  eeprom_i2c.o(i.EECheck)
    i.EEInit                                 0x08000a34   Section        0  eeprom_i2c.o(i.EEInit)
    i.GPIO_Configuration                     0x08000a3c   Section        0  gpio.o(i.GPIO_Configuration)
    i.GPIO_Init                              0x08000a90   Section        0  stm32f10x_gpio.o(i.GPIO_Init)
    i.GPIO_PinRemapConfig                    0x08000ba8   Section        0  stm32f10x_gpio.o(i.GPIO_PinRemapConfig)
    i.GPIO_ResetBits                         0x08000c38   Section        0  stm32f10x_gpio.o(i.GPIO_ResetBits)
    i.GPIO_SetBits                           0x08000c3c   Section        0  stm32f10x_gpio.o(i.GPIO_SetBits)
    i.Get_Adc                                0x08000c40   Section        0  adc.o(i.Get_Adc)
    i.HardFault_Handler                      0x08000c74   Section        0  stm32f10x_it.o(i.HardFault_Handler)
    i.I2C1_Configuration                     0x08000c78   Section        0  eeprom_i2c.o(i.I2C1_Configuration)
    i.I2C1_ReadS_24C                         0x08000d18   Section        0  eeprom_i2c.o(i.I2C1_ReadS_24C)
    i.I2C1_WriteS_24C                        0x08000e74   Section        0  eeprom_i2c.o(i.I2C1_WriteS_24C)
    i.I2C_AcknowledgeConfig                  0x08000f14   Section        0  stm32f10x_i2c.o(i.I2C_AcknowledgeConfig)
    i.I2C_CheckEvent                         0x08000f2c   Section        0  stm32f10x_i2c.o(i.I2C_CheckEvent)
    i.I2C_ClearFlag                          0x08000f56   Section        0  stm32f10x_i2c.o(i.I2C_ClearFlag)
    i.I2C_Cmd                                0x08000f62   Section        0  stm32f10x_i2c.o(i.I2C_Cmd)
    i.I2C_DeInit                             0x08000f7c   Section        0  stm32f10x_i2c.o(i.I2C_DeInit)
    i.I2C_GenerateSTART                      0x08000fb4   Section        0  stm32f10x_i2c.o(i.I2C_GenerateSTART)
    i.I2C_GenerateSTOP                       0x08000fcc   Section        0  stm32f10x_i2c.o(i.I2C_GenerateSTOP)
    i.I2C_GetFlagStatus                      0x08000fe4   Section        0  stm32f10x_i2c.o(i.I2C_GetFlagStatus)
    i.I2C_Init                               0x08001020   Section        0  stm32f10x_i2c.o(i.I2C_Init)
    i.I2C_PageWrite_24C                      0x0800110c   Section        0  eeprom_i2c.o(i.I2C_PageWrite_24C)
    i.I2C_ReadRegister                       0x08001224   Section        0  stm32f10x_i2c.o(i.I2C_ReadRegister)
    i.I2C_ReceiveData                        0x0800123a   Section        0  stm32f10x_i2c.o(i.I2C_ReceiveData)
    i.I2C_Send7bitAddress                    0x08001242   Section        0  stm32f10x_i2c.o(i.I2C_Send7bitAddress)
    i.I2C_SendData                           0x08001254   Section        0  stm32f10x_i2c.o(i.I2C_SendData)
    i.I2C_Standby_24C                        0x08001258   Section        0  eeprom_i2c.o(i.I2C_Standby_24C)
    i.Init_SysTick                           0x080012c0   Section        0  main.o(i.Init_SysTick)
    i.Internal_RTC_Init                      0x08001308   Section        0  rtc.o(i.Internal_RTC_Init)
    i.Is_Leap_Year                           0x080013e6   Section        0  rtc.o(i.Is_Leap_Year)
    i.MemManage_Handler                      0x08001418   Section        0  stm32f10x_it.o(i.MemManage_Handler)
    i.NMI_Handler                            0x0800141c   Section        0  stm32f10x_it.o(i.NMI_Handler)
    i.NVIC_Init                              0x08001420   Section        0  misc.o(i.NVIC_Init)
    i.NVIC_PriorityGroupConfig               0x08001490   Section        0  misc.o(i.NVIC_PriorityGroupConfig)
    i.NVIC_SetPriority                       0x080014a4   Section        0  main.o(i.NVIC_SetPriority)
    NVIC_SetPriority                         0x080014a5   Thumb Code    32  main.o(i.NVIC_SetPriority)
    i.PWR_BackupAccessCmd                    0x080014cc   Section        0  stm32f10x_pwr.o(i.PWR_BackupAccessCmd)
    i.PendSV_Handler                         0x080014d8   Section        0  stm32f10x_it.o(i.PendSV_Handler)
    i.RCC_APB1PeriphClockCmd                 0x080014dc   Section        0  stm32f10x_rcc.o(i.RCC_APB1PeriphClockCmd)
    i.RCC_APB1PeriphResetCmd                 0x080014fc   Section        0  stm32f10x_rcc.o(i.RCC_APB1PeriphResetCmd)
    i.RCC_APB2PeriphClockCmd                 0x0800151c   Section        0  stm32f10x_rcc.o(i.RCC_APB2PeriphClockCmd)
    i.RCC_BackupResetCmd                     0x0800153c   Section        0  stm32f10x_rcc.o(i.RCC_BackupResetCmd)
    i.RCC_GetClocksFreq                      0x08001548   Section        0  stm32f10x_rcc.o(i.RCC_GetClocksFreq)
    i.RCC_GetFlagStatus                      0x08001620   Section        0  stm32f10x_rcc.o(i.RCC_GetFlagStatus)
    i.RCC_LSEConfig                          0x0800165c   Section        0  stm32f10x_rcc.o(i.RCC_LSEConfig)
    i.RCC_RTCCLKCmd                          0x08001690   Section        0  stm32f10x_rcc.o(i.RCC_RTCCLKCmd)
    i.RCC_RTCCLKConfig                       0x0800169c   Section        0  stm32f10x_rcc.o(i.RCC_RTCCLKConfig)
    i.RTC_ClearITPendingBit                  0x080016ac   Section        0  stm32f10x_rtc.o(i.RTC_ClearITPendingBit)
    i.RTC_EnterConfigMode                    0x080016bc   Section        0  stm32f10x_rtc.o(i.RTC_EnterConfigMode)
    i.RTC_ExitConfigMode                     0x080016d0   Section        0  stm32f10x_rtc.o(i.RTC_ExitConfigMode)
    i.RTC_Get                                0x080016e4   Section        0  rtc.o(i.RTC_Get)
    i.RTC_GetITStatus                        0x080017f0   Section        0  stm32f10x_rtc.o(i.RTC_GetITStatus)
    i.RTC_Get_Week                           0x08001814   Section        0  rtc.o(i.RTC_Get_Week)
    i.RTC_IRQHandler                         0x080018a0   Section        0  stm32f10x_it.o(i.RTC_IRQHandler)
    i.RTC_ITConfig                           0x080018d0   Section        0  stm32f10x_rtc.o(i.RTC_ITConfig)
    i.RTC_Set                                0x080018f0   Section        0  rtc.o(i.RTC_Set)
    i.RTC_SetCounter                         0x080019bc   Section        0  stm32f10x_rtc.o(i.RTC_SetCounter)
    i.RTC_SetPrescaler                       0x080019d8   Section        0  stm32f10x_rtc.o(i.RTC_SetPrescaler)
    i.RTC_WaitForLastTask                    0x080019f8   Section        0  stm32f10x_rtc.o(i.RTC_WaitForLastTask)
    i.RTC_WaitForSynchro                     0x08001a0c   Section        0  stm32f10x_rtc.o(i.RTC_WaitForSynchro)
    i.SVC_Handler                            0x08001a30   Section        0  stm32f10x_it.o(i.SVC_Handler)
    i.SetSysClock                            0x08001a32   Section        0  system_stm32f10x.o(i.SetSysClock)
    SetSysClock                              0x08001a33   Thumb Code     8  system_stm32f10x.o(i.SetSysClock)
    i.SetSysClockToHSE                       0x08001a3c   Section        0  system_stm32f10x.o(i.SetSysClockToHSE)
    SetSysClockToHSE                         0x08001a3d   Thumb Code   160  system_stm32f10x.o(i.SetSysClockToHSE)
    i.SysTick_Handler                        0x08001ae4   Section        0  stm32f10x_it.o(i.SysTick_Handler)
    i.SystemInit                             0x08001bcc   Section        0  system_stm32f10x.o(i.SystemInit)
    i.TIM4_IRQHandler                        0x08001c2c   Section        0  stm32f10x_it.o(i.TIM4_IRQHandler)
    i.TIM_ClearITPendingBit                  0x08001ca8   Section        0  stm32f10x_tim.o(i.TIM_ClearITPendingBit)
    i.TIM_GetITStatus                        0x08001cae   Section        0  stm32f10x_tim.o(i.TIM_GetITStatus)
    i.UART3_Configuration                    0x08001cd0   Section        0  uart.o(i.UART3_Configuration)
    i.USART2_IRQHandler                      0x08001d78   Section        0  stm32f10x_it.o(i.USART2_IRQHandler)
    i.USART3_ClearBuf_Flag                   0x08001df0   Section        0  uart.o(i.USART3_ClearBuf_Flag)
    i.USART3_IRQHandler                      0x08001e10   Section        0  stm32f10x_it.o(i.USART3_IRQHandler)
    i.USART_ClearITPendingBit                0x08001e88   Section        0  stm32f10x_usart.o(i.USART_ClearITPendingBit)
    i.USART_Cmd                              0x08001ea6   Section        0  stm32f10x_usart.o(i.USART_Cmd)
    i.USART_GetFlagStatus                    0x08001ebe   Section        0  stm32f10x_usart.o(i.USART_GetFlagStatus)
    i.USART_GetITStatus                      0x08001ed8   Section        0  stm32f10x_usart.o(i.USART_GetITStatus)
    i.USART_ITConfig                         0x08001f2c   Section        0  stm32f10x_usart.o(i.USART_ITConfig)
    i.USART_Init                             0x08001f78   Section        0  stm32f10x_usart.o(i.USART_Init)
    i.USART_PutChar                          0x08002050   Section        0  uart.o(i.USART_PutChar)
    i.USART_ReceiveData                      0x0800207a   Section        0  stm32f10x_usart.o(i.USART_ReceiveData)
    i.USART_SendData                         0x08002084   Section        0  stm32f10x_usart.o(i.USART_SendData)
    i.UsageFault_Handler                     0x0800208c   Section        0  stm32f10x_it.o(i.UsageFault_Handler)
    i.__0printf                              0x08002090   Section        0  printfa.o(i.__0printf)
    i.__scatterload_copy                     0x080020b0   Section       14  handlers.o(i.__scatterload_copy)
    i.__scatterload_null                     0x080020be   Section        2  handlers.o(i.__scatterload_null)
    i.__scatterload_zeroinit                 0x080020c0   Section       14  handlers.o(i.__scatterload_zeroinit)
    i._fp_digits                             0x080020d0   Section        0  printfa.o(i._fp_digits)
    _fp_digits                               0x080020d1   Thumb Code   334  printfa.o(i._fp_digits)
    i._printf_core                           0x08002234   Section        0  printfa.o(i._printf_core)
    _printf_core                             0x08002235   Thumb Code  1744  printfa.o(i._printf_core)
    i._printf_post_padding                   0x08002910   Section        0  printfa.o(i._printf_post_padding)
    _printf_post_padding                     0x08002911   Thumb Code    36  printfa.o(i._printf_post_padding)
    i._printf_pre_padding                    0x08002934   Section        0  printfa.o(i._printf_pre_padding)
    _printf_pre_padding                      0x08002935   Thumb Code    46  printfa.o(i._printf_pre_padding)
    i.fputc                                  0x08002964   Section        0  uart.o(i.fputc)
    i.main                                   0x0800297c   Section        0  main.o(i.main)
    .constdata                               0x08002bbc   Section       24  rtc.o(.constdata)
    .data                                    0x20000000   Section        8  main.o(.data)
    .data                                    0x20000008   Section        9  uart.o(.data)
    .data                                    0x20000012   Section       13  timer.o(.data)
    .data                                    0x20000020   Section       12  rtc.o(.data)
    daycnt                                   0x2000002a   Data           2  rtc.o(.data)
    .data                                    0x2000002c   Section       20  stm32f10x_rcc.o(.data)
    APBAHBPrescTable                         0x2000002c   Data          16  stm32f10x_rcc.o(.data)
    ADCPrescTable                            0x2000003c   Data           4  stm32f10x_rcc.o(.data)
    .data                                    0x20000040   Section       20  system_stm32f10x.o(.data)
    .data                                    0x20000054   Section        4  stdout.o(.data)
    .bss                                     0x20000058   Section      792  uart.o(.bss)
    STACK                                    0x20000370   Section     1024  startup_stm32f10x_hd.o(STACK)

    Global Symbols

    Symbol Name                              Value     Ov Type        Size  Object(Section)

    BuildAttributes$$THM_ISAv4$P$D$K$B$S$PE$A:L22UL41UL21$X:L11$S22US41US21$IEEE1$IW$USESV6$~STKCKD$USESV7$~SHL$OTIME$ROPI$EBA8$MICROLIB$REQ8$PRES8$EABIv2 0x00000000   Number         0  anon$$obj.o ABSOLUTE
    __ARM_use_no_argv                        0x00000000   Number         0  main.o ABSOLUTE
    _printf_a                                0x00000000   Number         0  stubs.o ABSOLUTE
    _printf_c                                0x00000000   Number         0  stubs.o ABSOLUTE
    _printf_charcount                        0x00000000   Number         0  stubs.o ABSOLUTE
    _printf_d                                0x00000000   Number         0  stubs.o ABSOLUTE
    _printf_e                                0x00000000   Number         0  stubs.o ABSOLUTE
    _printf_f                                0x00000000   Number         0  stubs.o ABSOLUTE
    _printf_flags                            0x00000000   Number         0  stubs.o ABSOLUTE
    _printf_fp_dec                           0x00000000   Number         0  stubs.o ABSOLUTE
    _printf_fp_hex                           0x00000000   Number         0  stubs.o ABSOLUTE
    _printf_g                                0x00000000   Number         0  stubs.o ABSOLUTE
    _printf_i                                0x00000000   Number         0  stubs.o ABSOLUTE
    _printf_int_dec                          0x00000000   Number         0  stubs.o ABSOLUTE
    _printf_l                                0x00000000   Number         0  stubs.o ABSOLUTE
    _printf_lc                               0x00000000   Number         0  stubs.o ABSOLUTE
    _printf_ll                               0x00000000   Number         0  stubs.o ABSOLUTE
    _printf_lld                              0x00000000   Number         0  stubs.o ABSOLUTE
    _printf_lli                              0x00000000   Number         0  stubs.o ABSOLUTE
    _printf_llo                              0x00000000   Number         0  stubs.o ABSOLUTE
    _printf_llu                              0x00000000   Number         0  stubs.o ABSOLUTE
    _printf_llx                              0x00000000   Number         0  stubs.o ABSOLUTE
    _printf_longlong_dec                     0x00000000   Number         0  stubs.o ABSOLUTE
    _printf_longlong_hex                     0x00000000   Number         0  stubs.o ABSOLUTE
    _printf_longlong_oct                     0x00000000   Number         0  stubs.o ABSOLUTE
    _printf_ls                               0x00000000   Number         0  stubs.o ABSOLUTE
    _printf_mbtowc                           0x00000000   Number         0  stubs.o ABSOLUTE
    _printf_n                                0x00000000   Number         0  stubs.o ABSOLUTE
    _printf_o                                0x00000000   Number         0  stubs.o ABSOLUTE
    _printf_p                                0x00000000   Number         0  stubs.o ABSOLUTE
    _printf_percent                          0x00000000   Number         0  stubs.o ABSOLUTE
    _printf_pre_padding                      0x00000000   Number         0  stubs.o ABSOLUTE
    _printf_return_value                     0x00000000   Number         0  stubs.o ABSOLUTE
    _printf_s                                0x00000000   Number         0  stubs.o ABSOLUTE
    _printf_sizespec                         0x00000000   Number         0  stubs.o ABSOLUTE
    _printf_str                              0x00000000   Number         0  stubs.o ABSOLUTE
    _printf_truncate_signed                  0x00000000   Number         0  stubs.o ABSOLUTE
    _printf_truncate_unsigned                0x00000000   Number         0  stubs.o ABSOLUTE
    _printf_u                                0x00000000   Number         0  stubs.o ABSOLUTE
    _printf_wc                               0x00000000   Number         0  stubs.o ABSOLUTE
    _printf_wctomb                           0x00000000   Number         0  stubs.o ABSOLUTE
    _printf_widthprec                        0x00000000   Number         0  stubs.o ABSOLUTE
    _printf_x                                0x00000000   Number         0  stubs.o ABSOLUTE
    __cpp_initialize__aeabi_                  - Undefined Weak Reference
    __cxa_finalize                            - Undefined Weak Reference
    __decompress                              - Undefined Weak Reference
    _clock_init                               - Undefined Weak Reference
    _microlib_exit                            - Undefined Weak Reference
    __Vectors_Size                           0x00000130   Number         0  startup_stm32f10x_hd.o ABSOLUTE
    __Vectors                                0x08000000   Data           4  startup_stm32f10x_hd.o(RESET)
    __Vectors_End                            0x08000130   Data           0  startup_stm32f10x_hd.o(RESET)
    __main                                   0x08000131   Thumb Code     0  entry.o(.ARM.Collect$$$$00000000)
    _main_stk                                0x08000131   Thumb Code     0  entry2.o(.ARM.Collect$$$$00000001)
    _main_scatterload                        0x08000135   Thumb Code     0  entry5.o(.ARM.Collect$$$$00000004)
    __main_after_scatterload                 0x08000139   Thumb Code     0  entry5.o(.ARM.Collect$$$$00000004)
    _main_clock                              0x08000139   Thumb Code     0  entry7b.o(.ARM.Collect$$$$00000008)
    _main_cpp_init                           0x08000139   Thumb Code     0  entry8b.o(.ARM.Collect$$$$0000000A)
    _main_init                               0x08000139   Thumb Code     0  entry9a.o(.ARM.Collect$$$$0000000B)
    __rt_final_cpp                           0x08000141   Thumb Code     0  entry10a.o(.ARM.Collect$$$$0000000D)
    __rt_final_exit                          0x08000141   Thumb Code     0  entry11a.o(.ARM.Collect$$$$0000000F)
    Reset_Handler                            0x08000145   Thumb Code     8  startup_stm32f10x_hd.o(.text)
    ADC1_2_IRQHandler                        0x0800015f   Thumb Code     0  startup_stm32f10x_hd.o(.text)
    ADC3_IRQHandler                          0x0800015f   Thumb Code     0  startup_stm32f10x_hd.o(.text)
    CAN1_RX1_IRQHandler                      0x0800015f   Thumb Code     0  startup_stm32f10x_hd.o(.text)
    CAN1_SCE_IRQHandler                      0x0800015f   Thumb Code     0  startup_stm32f10x_hd.o(.text)
    DMA1_Channel1_IRQHandler                 0x0800015f   Thumb Code     0  startup_stm32f10x_hd.o(.text)
    DMA1_Channel2_IRQHandler                 0x0800015f   Thumb Code     0  startup_stm32f10x_hd.o(.text)
    DMA1_Channel3_IRQHandler                 0x0800015f   Thumb Code     0  startup_stm32f10x_hd.o(.text)
    DMA1_Channel4_IRQHandler                 0x0800015f   Thumb Code     0  startup_stm32f10x_hd.o(.text)
    DMA1_Channel5_IRQHandler                 0x0800015f   Thumb Code     0  startup_stm32f10x_hd.o(.text)
    DMA1_Channel6_IRQHandler                 0x0800015f   Thumb Code     0  startup_stm32f10x_hd.o(.text)
    DMA1_Channel7_IRQHandler                 0x0800015f   Thumb Code     0  startup_stm32f10x_hd.o(.text)
    DMA2_Channel1_IRQHandler                 0x0800015f   Thumb Code     0  startup_stm32f10x_hd.o(.text)
    DMA2_Channel2_IRQHandler                 0x0800015f   Thumb Code     0  startup_stm32f10x_hd.o(.text)
    DMA2_Channel3_IRQHandler                 0x0800015f   Thumb Code     0  startup_stm32f10x_hd.o(.text)
    DMA2_Channel4_5_IRQHandler               0x0800015f   Thumb Code     0  startup_stm32f10x_hd.o(.text)
    EXTI0_IRQHandler                         0x0800015f   Thumb Code     0  startup_stm32f10x_hd.o(.text)
    EXTI15_10_IRQHandler                     0x0800015f   Thumb Code     0  startup_stm32f10x_hd.o(.text)
    EXTI1_IRQHandler                         0x0800015f   Thumb Code     0  startup_stm32f10x_hd.o(.text)
    EXTI2_IRQHandler                         0x0800015f   Thumb Code     0  startup_stm32f10x_hd.o(.text)
    EXTI3_IRQHandler                         0x0800015f   Thumb Code     0  startup_stm32f10x_hd.o(.text)
    EXTI4_IRQHandler                         0x0800015f   Thumb Code     0  startup_stm32f10x_hd.o(.text)
    EXTI9_5_IRQHandler                       0x0800015f   Thumb Code     0  startup_stm32f10x_hd.o(.text)
    FLASH_IRQHandler                         0x0800015f   Thumb Code     0  startup_stm32f10x_hd.o(.text)
    FSMC_IRQHandler                          0x0800015f   Thumb Code     0  startup_stm32f10x_hd.o(.text)
    I2C1_ER_IRQHandler                       0x0800015f   Thumb Code     0  startup_stm32f10x_hd.o(.text)
    I2C1_EV_IRQHandler                       0x0800015f   Thumb Code     0  startup_stm32f10x_hd.o(.text)
    I2C2_ER_IRQHandler                       0x0800015f   Thumb Code     0  startup_stm32f10x_hd.o(.text)
    I2C2_EV_IRQHandler                       0x0800015f   Thumb Code     0  startup_stm32f10x_hd.o(.text)
    PVD_IRQHandler                           0x0800015f   Thumb Code     0  startup_stm32f10x_hd.o(.text)
    RCC_IRQHandler                           0x0800015f   Thumb Code     0  startup_stm32f10x_hd.o(.text)
    RTCAlarm_IRQHandler                      0x0800015f   Thumb Code     0  startup_stm32f10x_hd.o(.text)
    SDIO_IRQHandler                          0x0800015f   Thumb Code     0  startup_stm32f10x_hd.o(.text)
    SPI1_IRQHandler                          0x0800015f   Thumb Code     0  startup_stm32f10x_hd.o(.text)
    SPI2_IRQHandler                          0x0800015f   Thumb Code     0  startup_stm32f10x_hd.o(.text)
    SPI3_IRQHandler                          0x0800015f   Thumb Code     0  startup_stm32f10x_hd.o(.text)
    TAMPER_IRQHandler                        0x0800015f   Thumb Code     0  startup_stm32f10x_hd.o(.text)
    TIM1_BRK_IRQHandler                      0x0800015f   Thumb Code     0  startup_stm32f10x_hd.o(.text)
    TIM1_CC_IRQHandler                       0x0800015f   Thumb Code     0  startup_stm32f10x_hd.o(.text)
    TIM1_TRG_COM_IRQHandler                  0x0800015f   Thumb Code     0  startup_stm32f10x_hd.o(.text)
    TIM1_UP_IRQHandler                       0x0800015f   Thumb Code     0  startup_stm32f10x_hd.o(.text)
    TIM2_IRQHandler                          0x0800015f   Thumb Code     0  startup_stm32f10x_hd.o(.text)
    TIM3_IRQHandler                          0x0800015f   Thumb Code     0  startup_stm32f10x_hd.o(.text)
    TIM5_IRQHandler                          0x0800015f   Thumb Code     0  startup_stm32f10x_hd.o(.text)
    TIM6_IRQHandler                          0x0800015f   Thumb Code     0  startup_stm32f10x_hd.o(.text)
    TIM7_IRQHandler                          0x0800015f   Thumb Code     0  startup_stm32f10x_hd.o(.text)
    TIM8_BRK_IRQHandler                      0x0800015f   Thumb Code     0  startup_stm32f10x_hd.o(.text)
    TIM8_CC_IRQHandler                       0x0800015f   Thumb Code     0  startup_stm32f10x_hd.o(.text)
    TIM8_TRG_COM_IRQHandler                  0x0800015f   Thumb Code     0  startup_stm32f10x_hd.o(.text)
    TIM8_UP_IRQHandler                       0x0800015f   Thumb Code     0  startup_stm32f10x_hd.o(.text)
    UART4_IRQHandler                         0x0800015f   Thumb Code     0  startup_stm32f10x_hd.o(.text)
    UART5_IRQHandler                         0x0800015f   Thumb Code     0  startup_stm32f10x_hd.o(.text)
    USART1_IRQHandler                        0x0800015f   Thumb Code     0  startup_stm32f10x_hd.o(.text)
    USBWakeUp_IRQHandler                     0x0800015f   Thumb Code     0  startup_stm32f10x_hd.o(.text)
    USB_HP_CAN1_TX_IRQHandler                0x0800015f   Thumb Code     0  startup_stm32f10x_hd.o(.text)
    USB_LP_CAN1_RX0_IRQHandler               0x0800015f   Thumb Code     0  startup_stm32f10x_hd.o(.text)
    WWDG_IRQHandler                          0x0800015f   Thumb Code     0  startup_stm32f10x_hd.o(.text)
    __aeabi_dmul                             0x08000169   Thumb Code   228  dmul.o(.text)
    __aeabi_ddiv                             0x0800024d   Thumb Code   222  ddiv.o(.text)
    __aeabi_ui2f                             0x0800032b   Thumb Code    10  ffltui.o(.text)
    __aeabi_f2d                              0x08000335   Thumb Code    38  f2d.o(.text)
    __aeabi_uidiv                            0x0800035b   Thumb Code     0  uidiv.o(.text)
    __aeabi_uidivmod                         0x0800035b   Thumb Code    44  uidiv.o(.text)
    __aeabi_uldivmod                         0x08000387   Thumb Code    98  uldiv.o(.text)
    __I$use$fp                               0x080003e9   Thumb Code     0  iusefp.o(.text)
    _float_round                             0x080003e9   Thumb Code    18  fepilogue.o(.text)
    _float_epilogue                          0x080003fb   Thumb Code    92  fepilogue.o(.text)
    _double_round                            0x08000457   Thumb Code    30  depilogue.o(.text)
    _double_epilogue                         0x08000475   Thumb Code   156  depilogue.o(.text)
    __aeabi_dadd                             0x08000511   Thumb Code   322  dadd.o(.text)
    __aeabi_dsub                             0x08000653   Thumb Code     6  dadd.o(.text)
    __aeabi_drsub                            0x08000659   Thumb Code     6  dadd.o(.text)
    __aeabi_d2ulz                            0x0800065f   Thumb Code    48  dfixul.o(.text)
    __aeabi_cdrcmple                         0x08000691   Thumb Code    48  cdrcmple.o(.text)
    __scatterload                            0x080006c1   Thumb Code    28  init.o(.text)
    __scatterload_rt2                        0x080006c1   Thumb Code     0  init.o(.text)
    __aeabi_llsl                             0x080006e5   Thumb Code    30  llshl.o(.text)
    _ll_shift_l                              0x080006e5   Thumb Code     0  llshl.o(.text)
    __aeabi_llsr                             0x08000703   Thumb Code    32  llushr.o(.text)
    _ll_ushift_r                             0x08000703   Thumb Code     0  llushr.o(.text)
    __aeabi_lasr                             0x08000723   Thumb Code    36  llsshr.o(.text)
    _ll_sshift_r                             0x08000723   Thumb Code     0  llsshr.o(.text)
    ADC_Cmd                                  0x08000747   Thumb Code    22  stm32f10x_adc.o(i.ADC_Cmd)
    ADC_DMACmd                               0x0800075d   Thumb Code    22  stm32f10x_adc.o(i.ADC_DMACmd)
    ADC_GetCalibrationStatus                 0x08000773   Thumb Code    20  stm32f10x_adc.o(i.ADC_GetCalibrationStatus)
    ADC_GetConversionValue                   0x08000787   Thumb Code     8  stm32f10x_adc.o(i.ADC_GetConversionValue)
    ADC_GetFlagStatus                        0x0800078f   Thumb Code    18  stm32f10x_adc.o(i.ADC_GetFlagStatus)
    ADC_GetResetCalibrationStatus            0x080007a1   Thumb Code    20  stm32f10x_adc.o(i.ADC_GetResetCalibrationStatus)
    ADC_Init                                 0x080007b5   Thumb Code    70  stm32f10x_adc.o(i.ADC_Init)
    ADC_RegularChannelConfig                 0x08000805   Thumb Code   184  stm32f10x_adc.o(i.ADC_RegularChannelConfig)
    ADC_ResetCalibration                     0x080008bd   Thumb Code    10  stm32f10x_adc.o(i.ADC_ResetCalibration)
    ADC_SoftwareStartConvCmd                 0x080008c7   Thumb Code    22  stm32f10x_adc.o(i.ADC_SoftwareStartConvCmd)
    ADC_StartCalibration                     0x080008dd   Thumb Code    10  stm32f10x_adc.o(i.ADC_StartCalibration)
    Adc_Init                                 0x080008e9   Thumb Code   126  adc.o(i.Adc_Init)
    BKP_DeInit                               0x0800096d   Thumb Code    16  stm32f10x_bkp.o(i.BKP_DeInit)
    BKP_ReadBackupRegister                   0x0800097d   Thumb Code    24  stm32f10x_bkp.o(i.BKP_ReadBackupRegister)
    BKP_WriteBackupRegister                  0x08000999   Thumb Code    22  stm32f10x_bkp.o(i.BKP_WriteBackupRegister)
    BusFault_Handler                         0x080009b5   Thumb Code     4  stm32f10x_it.o(i.BusFault_Handler)
    DebugMon_Handler                         0x080009b9   Thumb Code     2  stm32f10x_it.o(i.DebugMon_Handler)
    Delay                                    0x080009bd   Thumb Code    22  main.o(i.Delay)
    EECheck                                  0x080009d9   Thumb Code    82  eeprom_i2c.o(i.EECheck)
    EEInit                                   0x08000a35   Thumb Code     8  eeprom_i2c.o(i.EEInit)
    GPIO_Configuration                       0x08000a3d   Thumb Code    74  gpio.o(i.GPIO_Configuration)
    GPIO_Init                                0x08000a91   Thumb Code   278  stm32f10x_gpio.o(i.GPIO_Init)
    GPIO_PinRemapConfig                      0x08000ba9   Thumb Code   138  stm32f10x_gpio.o(i.GPIO_PinRemapConfig)
    GPIO_ResetBits                           0x08000c39   Thumb Code     4  stm32f10x_gpio.o(i.GPIO_ResetBits)
    GPIO_SetBits                             0x08000c3d   Thumb Code     4  stm32f10x_gpio.o(i.GPIO_SetBits)
    Get_Adc                                  0x08000c41   Thumb Code    46  adc.o(i.Get_Adc)
    HardFault_Handler                        0x08000c75   Thumb Code     4  stm32f10x_it.o(i.HardFault_Handler)
    I2C1_Configuration                       0x08000c79   Thumb Code   148  eeprom_i2c.o(i.I2C1_Configuration)
    I2C1_ReadS_24C                           0x08000d19   Thumb Code   334  eeprom_i2c.o(i.I2C1_ReadS_24C)
    I2C1_WriteS_24C                          0x08000e75   Thumb Code   160  eeprom_i2c.o(i.I2C1_WriteS_24C)
    I2C_AcknowledgeConfig                    0x08000f15   Thumb Code    24  stm32f10x_i2c.o(i.I2C_AcknowledgeConfig)
    I2C_CheckEvent                           0x08000f2d   Thumb Code    42  stm32f10x_i2c.o(i.I2C_CheckEvent)
    I2C_ClearFlag                            0x08000f57   Thumb Code    12  stm32f10x_i2c.o(i.I2C_ClearFlag)
    I2C_Cmd                                  0x08000f63   Thumb Code    24  stm32f10x_i2c.o(i.I2C_Cmd)
    I2C_DeInit                               0x08000f7d   Thumb Code    50  stm32f10x_i2c.o(i.I2C_DeInit)
    I2C_GenerateSTART                        0x08000fb5   Thumb Code    24  stm32f10x_i2c.o(i.I2C_GenerateSTART)
    I2C_GenerateSTOP                         0x08000fcd   Thumb Code    24  stm32f10x_i2c.o(i.I2C_GenerateSTOP)
    I2C_GetFlagStatus                        0x08000fe5   Thumb Code    58  stm32f10x_i2c.o(i.I2C_GetFlagStatus)
    I2C_Init                                 0x08001021   Thumb Code   222  stm32f10x_i2c.o(i.I2C_Init)
    I2C_PageWrite_24C                        0x0800110d   Thumb Code   268  eeprom_i2c.o(i.I2C_PageWrite_24C)
    I2C_ReadRegister                         0x08001225   Thumb Code    22  stm32f10x_i2c.o(i.I2C_ReadRegister)
    I2C_ReceiveData                          0x0800123b   Thumb Code     8  stm32f10x_i2c.o(i.I2C_ReceiveData)
    I2C_Send7bitAddress                      0x08001243   Thumb Code    18  stm32f10x_i2c.o(i.I2C_Send7bitAddress)
    I2C_SendData                             0x08001255   Thumb Code     4  stm32f10x_i2c.o(i.I2C_SendData)
    I2C_Standby_24C                          0x08001259   Thumb Code    90  eeprom_i2c.o(i.I2C_Standby_24C)
    Init_SysTick                             0x080012c1   Thumb Code    68  main.o(i.Init_SysTick)
    Internal_RTC_Init                        0x08001309   Thumb Code   222  rtc.o(i.Internal_RTC_Init)
    Is_Leap_Year                             0x080013e7   Thumb Code    50  rtc.o(i.Is_Leap_Year)
    MemManage_Handler                        0x08001419   Thumb Code     4  stm32f10x_it.o(i.MemManage_Handler)
    NMI_Handler                              0x0800141d   Thumb Code     2  stm32f10x_it.o(i.NMI_Handler)
    NVIC_Init                                0x08001421   Thumb Code   100  misc.o(i.NVIC_Init)
    NVIC_PriorityGroupConfig                 0x08001491   Thumb Code    10  misc.o(i.NVIC_PriorityGroupConfig)
    PWR_BackupAccessCmd                      0x080014cd   Thumb Code     6  stm32f10x_pwr.o(i.PWR_BackupAccessCmd)
    PendSV_Handler                           0x080014d9   Thumb Code     2  stm32f10x_it.o(i.PendSV_Handler)
    RCC_APB1PeriphClockCmd                   0x080014dd   Thumb Code    26  stm32f10x_rcc.o(i.RCC_APB1PeriphClockCmd)
    RCC_APB1PeriphResetCmd                   0x080014fd   Thumb Code    26  stm32f10x_rcc.o(i.RCC_APB1PeriphResetCmd)
    RCC_APB2PeriphClockCmd                   0x0800151d   Thumb Code    26  stm32f10x_rcc.o(i.RCC_APB2PeriphClockCmd)
    RCC_BackupResetCmd                       0x0800153d   Thumb Code     6  stm32f10x_rcc.o(i.RCC_BackupResetCmd)
    RCC_GetClocksFreq                        0x08001549   Thumb Code   204  stm32f10x_rcc.o(i.RCC_GetClocksFreq)
    RCC_GetFlagStatus                        0x08001621   Thumb Code    56  stm32f10x_rcc.o(i.RCC_GetFlagStatus)
    RCC_LSEConfig                            0x0800165d   Thumb Code    46  stm32f10x_rcc.o(i.RCC_LSEConfig)
    RCC_RTCCLKCmd                            0x08001691   Thumb Code     6  stm32f10x_rcc.o(i.RCC_RTCCLKCmd)
    RCC_RTCCLKConfig                         0x0800169d   Thumb Code    12  stm32f10x_rcc.o(i.RCC_RTCCLKConfig)
    RTC_ClearITPendingBit                    0x080016ad   Thumb Code    12  stm32f10x_rtc.o(i.RTC_ClearITPendingBit)
    RTC_EnterConfigMode                      0x080016bd   Thumb Code    14  stm32f10x_rtc.o(i.RTC_EnterConfigMode)
    RTC_ExitConfigMode                       0x080016d1   Thumb Code    16  stm32f10x_rtc.o(i.RTC_ExitConfigMode)
    RTC_Get                                  0x080016e5   Thumb Code   246  rtc.o(i.RTC_Get)
    RTC_GetITStatus                          0x080017f1   Thumb Code    32  stm32f10x_rtc.o(i.RTC_GetITStatus)
    RTC_Get_Week                             0x08001815   Thumb Code   138  rtc.o(i.RTC_Get_Week)
    RTC_IRQHandler                           0x080018a1   Thumb Code    42  stm32f10x_it.o(i.RTC_IRQHandler)
    RTC_ITConfig                             0x080018d1   Thumb Code    26  stm32f10x_rtc.o(i.RTC_ITConfig)
    RTC_Set                                  0x080018f1   Thumb Code   186  rtc.o(i.RTC_Set)
    RTC_SetCounter                           0x080019bd   Thumb Code    24  stm32f10x_rtc.o(i.RTC_SetCounter)
    RTC_SetPrescaler                         0x080019d9   Thumb Code    26  stm32f10x_rtc.o(i.RTC_SetPrescaler)
    RTC_WaitForLastTask                      0x080019f9   Thumb Code    16  stm32f10x_rtc.o(i.RTC_WaitForLastTask)
    RTC_WaitForSynchro                       0x08001a0d   Thumb Code    30  stm32f10x_rtc.o(i.RTC_WaitForSynchro)
    SVC_Handler                              0x08001a31   Thumb Code     2  stm32f10x_it.o(i.SVC_Handler)
    SysTick_Handler                          0x08001ae5   Thumb Code   184  stm32f10x_it.o(i.SysTick_Handler)
    SystemInit                               0x08001bcd   Thumb Code    78  system_stm32f10x.o(i.SystemInit)
    TIM4_IRQHandler                          0x08001c2d   Thumb Code   108  stm32f10x_it.o(i.TIM4_IRQHandler)
    TIM_ClearITPendingBit                    0x08001ca9   Thumb Code     6  stm32f10x_tim.o(i.TIM_ClearITPendingBit)
    TIM_GetITStatus                          0x08001caf   Thumb Code    34  stm32f10x_tim.o(i.TIM_GetITStatus)
    UART3_Configuration                      0x08001cd1   Thumb Code   160  uart.o(i.UART3_Configuration)
    USART2_IRQHandler                        0x08001d79   Thumb Code    98  stm32f10x_it.o(i.USART2_IRQHandler)
    USART3_ClearBuf_Flag                     0x08001df1   Thumb Code    18  uart.o(i.USART3_ClearBuf_Flag)
    USART3_IRQHandler                        0x08001e11   Thumb Code    98  stm32f10x_it.o(i.USART3_IRQHandler)
    USART_ClearITPendingBit                  0x08001e89   Thumb Code    30  stm32f10x_usart.o(i.USART_ClearITPendingBit)
    USART_Cmd                                0x08001ea7   Thumb Code    24  stm32f10x_usart.o(i.USART_Cmd)
    USART_GetFlagStatus                      0x08001ebf   Thumb Code    26  stm32f10x_usart.o(i.USART_GetFlagStatus)
    USART_GetITStatus                        0x08001ed9   Thumb Code    84  stm32f10x_usart.o(i.USART_GetITStatus)
    USART_ITConfig                           0x08001f2d   Thumb Code    74  stm32f10x_usart.o(i.USART_ITConfig)
    USART_Init                               0x08001f79   Thumb Code   210  stm32f10x_usart.o(i.USART_Init)
    USART_PutChar                            0x08002051   Thumb Code    42  uart.o(i.USART_PutChar)
    USART_ReceiveData                        0x0800207b   Thumb Code    10  stm32f10x_usart.o(i.USART_ReceiveData)
    USART_SendData                           0x08002085   Thumb Code     8  stm32f10x_usart.o(i.USART_SendData)
    UsageFault_Handler                       0x0800208d   Thumb Code     4  stm32f10x_it.o(i.UsageFault_Handler)
    __0printf                                0x08002091   Thumb Code    22  printfa.o(i.__0printf)
    __1printf                                0x08002091   Thumb Code     0  printfa.o(i.__0printf)
    __2printf                                0x08002091   Thumb Code     0  printfa.o(i.__0printf)
    __c89printf                              0x08002091   Thumb Code     0  printfa.o(i.__0printf)
    printf                                   0x08002091   Thumb Code     0  printfa.o(i.__0printf)
    __scatterload_copy                       0x080020b1   Thumb Code    14  handlers.o(i.__scatterload_copy)
    __scatterload_null                       0x080020bf   Thumb Code     2  handlers.o(i.__scatterload_null)
    __scatterload_zeroinit                   0x080020c1   Thumb Code    14  handlers.o(i.__scatterload_zeroinit)
    fputc                                    0x08002965   Thumb Code    18  uart.o(i.fputc)
    main                                     0x0800297d   Thumb Code   258  main.o(i.main)
    table_week                               0x08002bbc   Data          12  rtc.o(.constdata)
    mon_table                                0x08002bc8   Data          12  rtc.o(.constdata)
    Region$$Table$$Base                      0x08002bd4   Number         0  anon$$obj.o(Region$$Table)
    Region$$Table$$Limit                     0x08002bf4   Number         0  anon$$obj.o(Region$$Table)
    SysTick_Count                            0x20000000   Data           4  main.o(.data)
    TimingDelay                              0x20000004   Data           4  main.o(.data)
    USART1_INTERVAL_TIME                     0x20000008   Data           1  uart.o(.data)
    USART1_RX_Len                            0x20000009   Data           1  uart.o(.data)
    USART2_INTERVAL_TIME                     0x2000000a   Data           1  uart.o(.data)
    USART2_RX_Len                            0x2000000b   Data           1  uart.o(.data)
    USART3_INTERVAL_TIME                     0x2000000c   Data           1  uart.o(.data)
    USART3_RX_Len                            0x2000000d   Data           1  uart.o(.data)
    Uart1Flag                                0x2000000e   Data           1  uart.o(.data)
    Uart2Flag                                0x2000000f   Data           1  uart.o(.data)
    Uart3Flag                                0x20000010   Data           1  uart.o(.data)
    CCR4_Val                                 0x20000012   Data           2  timer.o(.data)
    CCR4_Val_Add                             0x20000014   Data           2  timer.o(.data)
    PrescalerValue                           0x20000016   Data           2  timer.o(.data)
    capture                                  0x20000018   Data           2  timer.o(.data)
    ARR                                      0x2000001a   Data           2  timer.o(.data)
    P_Val                                    0x2000001c   Data           2  timer.o(.data)
    P_Val_bit                                0x2000001e   Data           1  timer.o(.data)
    RTC_SEC_FLAG                             0x20000020   Data           1  rtc.o(.data)
    calendar                                 0x20000022   Data           8  rtc.o(.data)
    SystemCoreClock                          0x20000040   Data           4  system_stm32f10x.o(.data)
    AHBPrescTable                            0x20000044   Data          16  system_stm32f10x.o(.data)
    __stdout                                 0x20000054   Data           4  stdout.o(.data)
    uart1_rbuf                               0x20000058   Data         264  uart.o(.bss)
    uart2_rbuf                               0x20000160   Data         264  uart.o(.bss)
    uart3_rbuf                               0x20000268   Data         264  uart.o(.bss)
    __initial_sp                             0x20000770   Data           0  startup_stm32f10x_hd.o(STACK)



==============================================================================

Memory Map of the image

  Image Entry point : 0x08000131

  Load Region LR_IROM1 (Base: 0x08000000, Size: 0x00002c4c, Max: 0x00080000, ABSOLUTE)

    Execution Region ER_IROM1 (Base: 0x08000000, Size: 0x00002bf4, Max: 0x00080000, ABSOLUTE)

    Base Addr    Size         Type   Attr      Idx    E Section Name        Object

    0x08000000   0x00000130   Data   RO         3580    RESET               startup_stm32f10x_hd.o
    0x08000130   0x00000000   Code   RO         3585  * .ARM.Collect$$$$00000000  mc_w.l(entry.o)
    0x08000130   0x00000004   Code   RO         3857    .ARM.Collect$$$$00000001  mc_w.l(entry2.o)
    0x08000134   0x00000004   Code   RO         3860    .ARM.Collect$$$$00000004  mc_w.l(entry5.o)
    0x08000138   0x00000000   Code   RO         3862    .ARM.Collect$$$$00000008  mc_w.l(entry7b.o)
    0x08000138   0x00000000   Code   RO         3864    .ARM.Collect$$$$0000000A  mc_w.l(entry8b.o)
    0x08000138   0x00000008   Code   RO         3865    .ARM.Collect$$$$0000000B  mc_w.l(entry9a.o)
    0x08000140   0x00000000   Code   RO         3867    .ARM.Collect$$$$0000000D  mc_w.l(entry10a.o)
    0x08000140   0x00000000   Code   RO         3869    .ARM.Collect$$$$0000000F  mc_w.l(entry11a.o)
    0x08000140   0x00000004   Code   RO         3858    .ARM.Collect$$$$00002712  mc_w.l(entry2.o)
    0x08000144   0x00000024   Code   RO         3581    .text               startup_stm32f10x_hd.o
    0x08000168   0x000000e4   Code   RO         3849    .text               mf_w.l(dmul.o)
    0x0800024c   0x000000de   Code   RO         3851    .text               mf_w.l(ddiv.o)
    0x0800032a   0x0000000a   Code   RO         3853    .text               mf_w.l(ffltui.o)
    0x08000334   0x00000026   Code   RO         3855    .text               mf_w.l(f2d.o)
    0x0800035a   0x0000002c   Code   RO         3872    .text               mc_w.l(uidiv.o)
    0x08000386   0x00000062   Code   RO         3874    .text               mc_w.l(uldiv.o)
    0x080003e8   0x00000000   Code   RO         3876    .text               mc_w.l(iusefp.o)
    0x080003e8   0x0000006e   Code   RO         3877    .text               mf_w.l(fepilogue.o)
    0x08000456   0x000000ba   Code   RO         3879    .text               mf_w.l(depilogue.o)
    0x08000510   0x0000014e   Code   RO         3881    .text               mf_w.l(dadd.o)
    0x0800065e   0x00000030   Code   RO         3883    .text               mf_w.l(dfixul.o)
    0x0800068e   0x00000002   PAD
    0x08000690   0x00000030   Code   RO         3885    .text               mf_w.l(cdrcmple.o)
    0x080006c0   0x00000024   Code   RO         3887    .text               mc_w.l(init.o)
    0x080006e4   0x0000001e   Code   RO         3889    .text               mc_w.l(llshl.o)
    0x08000702   0x00000020   Code   RO         3891    .text               mc_w.l(llushr.o)
    0x08000722   0x00000024   Code   RO         3893    .text               mc_w.l(llsshr.o)
    0x08000746   0x00000016   Code   RO          589    i.ADC_Cmd           stm32f10x_adc.o
    0x0800075c   0x00000016   Code   RO          590    i.ADC_DMACmd        stm32f10x_adc.o
    0x08000772   0x00000014   Code   RO          597    i.ADC_GetCalibrationStatus  stm32f10x_adc.o
    0x08000786   0x00000008   Code   RO          598    i.ADC_GetConversionValue  stm32f10x_adc.o
    0x0800078e   0x00000012   Code   RO          600    i.ADC_GetFlagStatus  stm32f10x_adc.o
    0x080007a0   0x00000014   Code   RO          603    i.ADC_GetResetCalibrationStatus  stm32f10x_adc.o
    0x080007b4   0x00000050   Code   RO          607    i.ADC_Init          stm32f10x_adc.o
    0x08000804   0x000000b8   Code   RO          611    i.ADC_RegularChannelConfig  stm32f10x_adc.o
    0x080008bc   0x0000000a   Code   RO          612    i.ADC_ResetCalibration  stm32f10x_adc.o
    0x080008c6   0x00000016   Code   RO          614    i.ADC_SoftwareStartConvCmd  stm32f10x_adc.o
    0x080008dc   0x0000000a   Code   RO          616    i.ADC_StartCalibration  stm32f10x_adc.o
    0x080008e6   0x00000002   PAD
    0x080008e8   0x00000084   Code   RO          529    i.Adc_Init          adc.o
    0x0800096c   0x00000010   Code   RO          807    i.BKP_DeInit        stm32f10x_bkp.o
    0x0800097c   0x0000001c   Code   RO          812    i.BKP_ReadBackupRegister  stm32f10x_bkp.o
    0x08000998   0x0000001c   Code   RO          816    i.BKP_WriteBackupRegister  stm32f10x_bkp.o
    0x080009b4   0x00000004   Code   RO          156    i.BusFault_Handler  stm32f10x_it.o
    0x080009b8   0x00000002   Code   RO          157    i.DebugMon_Handler  stm32f10x_it.o
    0x080009ba   0x00000002   PAD
    0x080009bc   0x0000001c   Code   RO            1    i.Delay             main.o
    0x080009d8   0x0000005c   Code   RO          420    i.EECheck           eeprom_i2c.o
    0x08000a34   0x00000008   Code   RO          422    i.EEInit            eeprom_i2c.o
    0x08000a3c   0x00000054   Code   RO          360    i.GPIO_Configuration  gpio.o
    0x08000a90   0x00000116   Code   RO         1698    i.GPIO_Init         stm32f10x_gpio.o
    0x08000ba6   0x00000002   PAD
    0x08000ba8   0x00000090   Code   RO         1700    i.GPIO_PinRemapConfig  stm32f10x_gpio.o
    0x08000c38   0x00000004   Code   RO         1705    i.GPIO_ResetBits    stm32f10x_gpio.o
    0x08000c3c   0x00000004   Code   RO         1706    i.GPIO_SetBits      stm32f10x_gpio.o
    0x08000c40   0x00000034   Code   RO          530    i.Get_Adc           adc.o
    0x08000c74   0x00000004   Code   RO          158    i.HardFault_Handler  stm32f10x_it.o
    0x08000c78   0x000000a0   Code   RO          425    i.I2C1_Configuration  eeprom_i2c.o
    0x08000d18   0x0000015c   Code   RO          426    i.I2C1_ReadS_24C    eeprom_i2c.o
    0x08000e74   0x000000a0   Code   RO          427    i.I2C1_WriteS_24C   eeprom_i2c.o
    0x08000f14   0x00000018   Code   RO         1807    i.I2C_AcknowledgeConfig  stm32f10x_i2c.o
    0x08000f2c   0x0000002a   Code   RO         1809    i.I2C_CheckEvent    stm32f10x_i2c.o
    0x08000f56   0x0000000c   Code   RO         1810    i.I2C_ClearFlag     stm32f10x_i2c.o
    0x08000f62   0x00000018   Code   RO         1812    i.I2C_Cmd           stm32f10x_i2c.o
    0x08000f7a   0x00000002   PAD
    0x08000f7c   0x00000038   Code   RO         1815    i.I2C_DeInit        stm32f10x_i2c.o
    0x08000fb4   0x00000018   Code   RO         1819    i.I2C_GenerateSTART  stm32f10x_i2c.o
    0x08000fcc   0x00000018   Code   RO         1820    i.I2C_GenerateSTOP  stm32f10x_i2c.o
    0x08000fe4   0x0000003a   Code   RO         1821    i.I2C_GetFlagStatus  stm32f10x_i2c.o
    0x0800101e   0x00000002   PAD
    0x08001020   0x000000ec   Code   RO         1826    i.I2C_Init          stm32f10x_i2c.o
    0x0800110c   0x00000118   Code   RO          428    i.I2C_PageWrite_24C  eeprom_i2c.o
    0x08001224   0x00000016   Code   RO         1830    i.I2C_ReadRegister  stm32f10x_i2c.o
    0x0800123a   0x00000008   Code   RO         1831    i.I2C_ReceiveData   stm32f10x_i2c.o
    0x08001242   0x00000012   Code   RO         1833    i.I2C_Send7bitAddress  stm32f10x_i2c.o
    0x08001254   0x00000004   Code   RO         1834    i.I2C_SendData      stm32f10x_i2c.o
    0x08001258   0x00000068   Code   RO          429    i.I2C_Standby_24C   eeprom_i2c.o
    0x080012c0   0x00000048   Code   RO            2    i.Init_SysTick      main.o
    0x08001308   0x000000de   Code   RO          486    i.Internal_RTC_Init  rtc.o
    0x080013e6   0x00000032   Code   RO          487    i.Is_Leap_Year      rtc.o
    0x08001418   0x00000004   Code   RO          159    i.MemManage_Handler  stm32f10x_it.o
    0x0800141c   0x00000002   Code   RO          160    i.NMI_Handler       stm32f10x_it.o
    0x0800141e   0x00000002   PAD
    0x08001420   0x00000070   Code   RO          547    i.NVIC_Init         misc.o
    0x08001490   0x00000014   Code   RO          548    i.NVIC_PriorityGroupConfig  misc.o
    0x080014a4   0x00000028   Code   RO            3    i.NVIC_SetPriority  main.o
    0x080014cc   0x0000000c   Code   RO         2052    i.PWR_BackupAccessCmd  stm32f10x_pwr.o
    0x080014d8   0x00000002   Code   RO          161    i.PendSV_Handler    stm32f10x_it.o
    0x080014da   0x00000002   PAD
    0x080014dc   0x00000020   Code   RO         2114    i.RCC_APB1PeriphClockCmd  stm32f10x_rcc.o
    0x080014fc   0x00000020   Code   RO         2115    i.RCC_APB1PeriphResetCmd  stm32f10x_rcc.o
    0x0800151c   0x00000020   Code   RO         2116    i.RCC_APB2PeriphClockCmd  stm32f10x_rcc.o
    0x0800153c   0x0000000c   Code   RO         2119    i.RCC_BackupResetCmd  stm32f10x_rcc.o
    0x08001548   0x000000d8   Code   RO         2124    i.RCC_GetClocksFreq  stm32f10x_rcc.o
    0x08001620   0x0000003c   Code   RO         2125    i.RCC_GetFlagStatus  stm32f10x_rcc.o
    0x0800165c   0x00000034   Code   RO         2132    i.RCC_LSEConfig     stm32f10x_rcc.o
    0x08001690   0x0000000c   Code   RO         2139    i.RCC_RTCCLKCmd     stm32f10x_rcc.o
    0x0800169c   0x00000010   Code   RO         2140    i.RCC_RTCCLKConfig  stm32f10x_rcc.o
    0x080016ac   0x00000010   Code   RO         2313    i.RTC_ClearITPendingBit  stm32f10x_rtc.o
    0x080016bc   0x00000014   Code   RO         2314    i.RTC_EnterConfigMode  stm32f10x_rtc.o
    0x080016d0   0x00000014   Code   RO         2315    i.RTC_ExitConfigMode  stm32f10x_rtc.o
    0x080016e4   0x0000010c   Code   RO          488    i.RTC_Get           rtc.o
    0x080017f0   0x00000024   Code   RO         2319    i.RTC_GetITStatus   stm32f10x_rtc.o
    0x08001814   0x0000008a   Code   RO          489    i.RTC_Get_Week      rtc.o
    0x0800189e   0x00000002   PAD
    0x080018a0   0x00000030   Code   RO          162    i.RTC_IRQHandler    stm32f10x_it.o
    0x080018d0   0x00000020   Code   RO         2320    i.RTC_ITConfig      stm32f10x_rtc.o
    0x080018f0   0x000000cc   Code   RO          490    i.RTC_Set           rtc.o
    0x080019bc   0x0000001c   Code   RO         2322    i.RTC_SetCounter    stm32f10x_rtc.o
    0x080019d8   0x00000020   Code   RO         2323    i.RTC_SetPrescaler  stm32f10x_rtc.o
    0x080019f8   0x00000014   Code   RO         2324    i.RTC_WaitForLastTask  stm32f10x_rtc.o
    0x08001a0c   0x00000024   Code   RO         2325    i.RTC_WaitForSynchro  stm32f10x_rtc.o
    0x08001a30   0x00000002   Code   RO          163    i.SVC_Handler       stm32f10x_it.o
    0x08001a32   0x00000008   Code   RO         3525    i.SetSysClock       system_stm32f10x.o
    0x08001a3a   0x00000002   PAD
    0x08001a3c   0x000000a8   Code   RO         3526    i.SetSysClockToHSE  system_stm32f10x.o
    0x08001ae4   0x000000e8   Code   RO          164    i.SysTick_Handler   stm32f10x_it.o
    0x08001bcc   0x00000060   Code   RO         3528    i.SystemInit        system_stm32f10x.o
    0x08001c2c   0x0000007c   Code   RO          165    i.TIM4_IRQHandler   stm32f10x_it.o
    0x08001ca8   0x00000006   Code   RO         2743    i.TIM_ClearITPendingBit  stm32f10x_tim.o
    0x08001cae   0x00000022   Code   RO         2769    i.TIM_GetITStatus   stm32f10x_tim.o
    0x08001cd0   0x000000a8   Code   RO          253    i.UART3_Configuration  uart.o
    0x08001d78   0x00000078   Code   RO          166    i.USART2_IRQHandler  stm32f10x_it.o
    0x08001df0   0x00000020   Code   RO          260    i.USART3_ClearBuf_Flag  uart.o
    0x08001e10   0x00000078   Code   RO          167    i.USART3_IRQHandler  stm32f10x_it.o
    0x08001e88   0x0000001e   Code   RO         3281    i.USART_ClearITPendingBit  stm32f10x_usart.o
    0x08001ea6   0x00000018   Code   RO         3284    i.USART_Cmd         stm32f10x_usart.o
    0x08001ebe   0x0000001a   Code   RO         3287    i.USART_GetFlagStatus  stm32f10x_usart.o
    0x08001ed8   0x00000054   Code   RO         3288    i.USART_GetITStatus  stm32f10x_usart.o
    0x08001f2c   0x0000004a   Code   RO         3290    i.USART_ITConfig    stm32f10x_usart.o
    0x08001f76   0x00000002   PAD
    0x08001f78   0x000000d8   Code   RO         3291    i.USART_Init        stm32f10x_usart.o
    0x08002050   0x0000002a   Code   RO          263    i.USART_PutChar     uart.o
    0x0800207a   0x0000000a   Code   RO         3298    i.USART_ReceiveData  stm32f10x_usart.o
    0x08002084   0x00000008   Code   RO         3301    i.USART_SendData    stm32f10x_usart.o
    0x0800208c   0x00000004   Code   RO          168    i.UsageFault_Handler  stm32f10x_it.o
    0x08002090   0x00000020   Code   RO         3821    i.__0printf         mc_w.l(printfa.o)
    0x080020b0   0x0000000e   Code   RO         3897    i.__scatterload_copy  mc_w.l(handlers.o)
    0x080020be   0x00000002   Code   RO         3898    i.__scatterload_null  mc_w.l(handlers.o)
    0x080020c0   0x0000000e   Code   RO         3899    i.__scatterload_zeroinit  mc_w.l(handlers.o)
    0x080020ce   0x00000002   PAD
    0x080020d0   0x00000164   Code   RO         3828    i._fp_digits        mc_w.l(printfa.o)
    0x08002234   0x000006dc   Code   RO         3829    i._printf_core      mc_w.l(printfa.o)
    0x08002910   0x00000024   Code   RO         3830    i._printf_post_padding  mc_w.l(printfa.o)
    0x08002934   0x0000002e   Code   RO         3831    i._printf_pre_padding  mc_w.l(printfa.o)
    0x08002962   0x00000002   PAD
    0x08002964   0x00000018   Code   RO          266    i.fputc             uart.o
    0x0800297c   0x00000240   Code   RO            4    i.main              main.o
    0x08002bbc   0x00000018   Data   RO          491    .constdata          rtc.o
    0x08002bd4   0x00000020   Data   RO         3895    Region$$Table       anon$$obj.o


    Execution Region RW_IRAM1 (Base: 0x20000000, Size: 0x00000770, Max: 0x00010000, ABSOLUTE)

    Base Addr    Size         Type   Attr      Idx    E Section Name        Object

    0x20000000   0x00000008   Data   RW            5    .data               main.o
    0x20000008   0x00000009   Data   RW          268    .data               uart.o
    0x20000011   0x00000001   PAD
    0x20000012   0x0000000d   Data   RW          378    .data               timer.o
    0x2000001f   0x00000001   PAD
    0x20000020   0x0000000c   Data   RW          492    .data               rtc.o
    0x2000002c   0x00000014   Data   RW         2144    .data               stm32f10x_rcc.o
    0x20000040   0x00000014   Data   RW         3529    .data               system_stm32f10x.o
    0x20000054   0x00000004   Data   RW         3871    .data               mc_w.l(stdout.o)
    0x20000058   0x00000318   Zero   RW          267    .bss                uart.o
    0x20000370   0x00000400   Zero   RW         3578    STACK               startup_stm32f10x_hd.o


==============================================================================

Image component sizes


      Code (inc. data)   RO Data    RW Data    ZI Data      Debug   Object Name

       184         12          0          0          0       1005   adc.o
         0          0          0          0          0         32   core_cm3.o
      1152         62          0          0          0       4629   eeprom_i2c.o
        84         10          0          0          0        461   gpio.o
       716        336          0          8          0     288923   main.o
       132         22          0          0          0       1319   misc.o
       882         40         24         12          0       4331   rtc.o
        36          8        304          0       1024        772   startup_stm32f10x_hd.o
       416         10          0          0          0       7658   stm32f10x_adc.o
        72         10          0          0          0       2388   stm32f10x_bkp.o
       430          6          0          0          0       3498   stm32f10x_gpio.o
       552         20          0          0          0       8412   stm32f10x_i2c.o
       668        114          0          0          0       5945   stm32f10x_it.o
        12          6          0          0          0        442   stm32f10x_pwr.o
       464         56          0         20          0       6983   stm32f10x_rcc.o
       240         44          0          0          0       4011   stm32f10x_rtc.o
        40          0          0          0          0       1526   stm32f10x_tim.o
       472          6          0          0          0       6115   stm32f10x_usart.o
       272         26          0         20          0       1913   system_stm32f10x.o
         0          0          0         13          0        423   timer.o
       266         28          0          9        792       3823   uart.o

    ----------------------------------------------------------------------
      7110        816        360         84       1816     354609   Object Totals
         0          0         32          0          0          0   (incl. Generated)
        20          0          0          2          0          0   (incl. Padding)

    ----------------------------------------------------------------------

      Code (inc. data)   RO Data    RW Data    ZI Data      Debug   Library Member Name

         0          0          0          0          0          0   entry.o
         0          0          0          0          0          0   entry10a.o
         0          0          0          0          0          0   entry11a.o
         8          4          0          0          0          0   entry2.o
         4          0          0          0          0          0   entry5.o
         0          0          0          0          0          0   entry7b.o
         0          0          0          0          0          0   entry8b.o
         8          4          0          0          0          0   entry9a.o
        30          0          0          0          0          0   handlers.o
        36          8          0          0          0         68   init.o
         0          0          0          0          0          0   iusefp.o
        30          0          0          0          0         68   llshl.o
        36          0          0          0          0         68   llsshr.o
        32          0          0          0          0         68   llushr.o
      2226         90          0          0          0        444   printfa.o
         0          0          0          4          0          0   stdout.o
        44          0          0          0          0         80   uidiv.o
        98          0          0          0          0         92   uldiv.o
        48          0          0          0          0         68   cdrcmple.o
       334          0          0          0          0        148   dadd.o
       222          0          0          0          0        100   ddiv.o
       186          0          0          0          0        176   depilogue.o
        48          0          0          0          0         68   dfixul.o
       228          0          0          0          0         96   dmul.o
        38          0          0          0          0         68   f2d.o
       110          0          0          0          0        168   fepilogue.o
        10          0          0          0          0         68   ffltui.o

    ----------------------------------------------------------------------
      3782        106          0          4          0       1848   Library Totals
         6          0          0          0          0          0   (incl. Padding)

    ----------------------------------------------------------------------

      Code (inc. data)   RO Data    RW Data    ZI Data      Debug   Library Name

      2552        106          0          4          0        888   mc_w.l
      1224          0          0          0          0        960   mf_w.l

    ----------------------------------------------------------------------
      3782        106          0          4          0       1848   Library Totals

    ----------------------------------------------------------------------

==============================================================================


      Code (inc. data)   RO Data    RW Data    ZI Data      Debug   

     10892        922        360         88       1816     350733   Grand Totals
     10892        922        360         88       1816     350733   ELF Image Totals
     10892        922        360         88          0          0   ROM Totals

==============================================================================

    Total RO  Size (Code + RO Data)                11252 (  10.99kB)
    Total RW  Size (RW Data + ZI Data)              1904 (   1.86kB)
    Total ROM Size (Code + RO Data + RW Data)      11340 (  11.07kB)

==============================================================================

